Archive member included to satisfy reference by file (symbol)

/opt/devkitpro/libnds/lib/libfat.a(fat_wrappers.o)
                              program.o (fatInitDefault)
/opt/devkitpro/libnds/lib/libfat.a(dvm_calico.o)
                              /opt/devkitpro/libnds/lib/libfat.a(fat_wrappers.o) (dvmInit)
/opt/devkitpro/libnds/lib/libfat.a(dvm_disc.o)
                              /opt/devkitpro/libnds/lib/libfat.a(fat_wrappers.o) (dvmDiscCreate)
/opt/devkitpro/libnds/lib/libfat.a(dvm_cache.o)
                              /opt/devkitpro/libnds/lib/libfat.a(fat_wrappers.o) (dvmDiscCacheCreate)
/opt/devkitpro/libnds/lib/libfat.a(dvm_volume.o)
                              /opt/devkitpro/libnds/lib/libfat.a(fat_wrappers.o) (dvmMountVolume)
/opt/devkitpro/libnds/lib/libfat.a(dvm_prober.o)
                              /opt/devkitpro/libnds/lib/libfat.a(dvm_calico.o) (dvmProbeMountDisc)
/opt/devkitpro/libnds/lib/libfat.a(fat_driver.o)
                              /opt/devkitpro/libnds/lib/libfat.a(dvm_volume.o) (g_vfatFsDriver)
/opt/devkitpro/libnds/lib/libfat.a(ff.o)
                              /opt/devkitpro/libnds/lib/libfat.a(fat_driver.o) (f_mount)
/opt/devkitpro/libnds/lib/libfat.a(ffunicode.o)
                              /opt/devkitpro/libnds/lib/libfat.a(ff.o) (ff_uni2oem)
/opt/devkitpro/libnds/lib/libnds9.a(console.o)
                              program.o (consoleDemoInit)
/opt/devkitpro/libnds/lib/libnds9.a(keys.o)
                              program.o (scanKeys)
/opt/devkitpro/libnds/lib/libnds9.a(default_font.bin.o)
                              /opt/devkitpro/libnds/lib/libnds9.a(console.o) (default_font_bin)
/opt/devkitpro/libnds/lib/libnds9.a(background.o)
                              /opt/devkitpro/libnds/lib/libnds9.a(console.o) (bgState)
/opt/devkitpro/libnds/lib/libnds9.a(trig.o)
                              /opt/devkitpro/libnds/lib/libnds9.a(background.o) (sinLerp)
/opt/devkitpro/calico/lib/libcalico_ds9.a(thread_cold.o)
                              program.o (threadIrqWait)
/opt/devkitpro/calico/lib/libcalico_ds9.a(thread_hot.32.o)
                              /opt/devkitpro/calico/lib/libcalico_ds9.a(thread_cold.o) (threadSwitchTo)
/opt/devkitpro/calico/lib/libcalico_ds9.a(mutex.o)
                              /opt/devkitpro/calico/lib/libcalico_ds9.a(thread_cold.o) (threadUpdateDynamicPrio)
/opt/devkitpro/calico/lib/libcalico_ds9.a(newlib_syscalls.o)
                              /opt/devkitpro/libnds/lib/libfat.a(fat_driver.o) (__errno)
/opt/devkitpro/calico/lib/libcalico_ds9.a(arm-copy-fill.32.o)
                              /opt/devkitpro/libnds/lib/libfat.a(dvm_calico.o) (armCopyMem32)
/opt/devkitpro/calico/lib/libcalico_ds9.a(arm-context.32.o)
                              /opt/devkitpro/calico/lib/libcalico_ds9.a(thread_hot.32.o) (armContextSave)
/opt/devkitpro/calico/lib/libcalico_ds9.a(arm-shims.32.o)
                              /opt/devkitpro/calico/lib/libcalico_ds9.a(thread_cold.o) (armWaitForIrq)
/opt/devkitpro/calico/lib/libcalico_ds9.a(startup.crt0.o)
                              /opt/devkitpro/libnds/lib/libfat.a(dvm_calico.o) (g_isTwlMode)
/opt/devkitpro/calico/lib/libcalico_ds9.a(utils.crt0.o)
                              /opt/devkitpro/calico/lib/libcalico_ds9.a(startup.crt0.o) (crt0CopyMem32)
/opt/devkitpro/calico/lib/libcalico_ds9.a(pxi.o)
                              /opt/devkitpro/calico/lib/libcalico_ds9.a(startup.crt0.o) (_pxiInit)
/opt/devkitpro/calico/lib/libcalico_ds9.a(keypad.o)
                              /opt/devkitpro/libnds/lib/libnds9.a(keys.o) (keypadGetState)
/opt/devkitpro/calico/lib/libcalico_ds9.a(pm.o)
                              program.o (pmMainLoop)
/opt/devkitpro/calico/lib/libcalico_ds9.a(bootstub_arm9.o)
                              (__ds9_bootstub)
/opt/devkitpro/calico/lib/libcalico_ds9.a(mpu_setup.crt0.o)
                              /opt/devkitpro/calico/lib/libcalico_ds9.a(startup.crt0.o) (crt0SetupMPU)
/opt/devkitpro/calico/lib/libcalico_ds9.a(sys_startup.o)
                              /opt/devkitpro/calico/lib/libcalico_ds9.a(startup.crt0.o) (systemStartup)
/opt/devkitpro/calico/lib/libcalico_ds9.a(excpt_handler.32.o)
                              /opt/devkitpro/calico/lib/libcalico_ds9.a(bootstub_arm9.o) (__arm_excpt_rst)
/opt/devkitpro/calico/lib/libcalico_ds9.a(touch.o)
                              /opt/devkitpro/libnds/lib/libnds9.a(keys.o) (touchRead)
/opt/devkitpro/calico/lib/libcalico_ds9.a(blk.o)
                              /opt/devkitpro/libnds/lib/libfat.a(dvm_calico.o) (blkInit)
/opt/devkitpro/calico/lib/libcalico_ds9.a(irq.o)
                              /opt/devkitpro/calico/lib/libcalico_ds9.a(pxi.o) (irqSet)
/opt/devkitpro/calico/lib/libcalico_ds9.a(tick.o)
                              /opt/devkitpro/calico/lib/libcalico_ds9.a(thread_cold.o) (tickTaskStart)
/opt/devkitpro/calico/lib/libcalico_ds9.a(mailbox.o)
[...]
Memory Configuration

Name             Origin             Length             Attributes
lma9             0x02004000         0x0027c000
lma9i            0x02400000         0x00280000
vectors          0x00000000         0x00000020
itcm             0x01ff8020         0x00007fe0
main             0x02001000         0x00f7f000
dtcm             0x02ff0000         0x00003e80
dldi             0x0380b000         0x00004000
stub             0x0e000000         0x00004000
tls              0x00000000         0x00000400
*default*        0x00000000         0xffffffff

Linker script and memory map

                0x00000000                        __sync_synchronize = __sync_synchronize_none
LOAD /opt/devkitpro/devkitARM/lib/gcc/arm-none-eabi/16.1.0/thumb/crti.o
LOAD /opt/devkitpro/devkitARM/lib/gcc/arm-none-eabi/16.1.0/thumb/crtbegin.o
LOAD program.o
LOAD mate.o
LOAD /opt/devkitpro/libnds/lib/libfat.a
LOAD /opt/devkitpro/libnds/lib/libnds9.a
LOAD /opt/devkitpro/calico/lib/libcalico_ds9.a
START GROUP
LOAD /opt/devkitpro/devkitARM/lib/gcc/arm-none-eabi/16.1.0/thumb/libgcc.a
LOAD /opt/devkitpro/devkitARM/lib/gcc/arm-none-eabi/16.1.0/../../../../arm-none-eabi/lib/thumb/libg.a
LOAD /opt/devkitpro/devkitARM/lib/gcc/arm-none-eabi/16.1.0/../../../../arm-none-eabi/lib/thumb/libc.a
LOAD /opt/devkitpro/devkitARM/lib/gcc/arm-none-eabi/16.1.0/../../../../arm-none-eabi/lib/thumb/libsysbase.a
END GROUP
LOAD /opt/devkitpro/devkitARM/lib/gcc/arm-none-eabi/16.1.0/thumb/crtend.o
LOAD /opt/devkitpro/devkitARM/lib/gcc/arm-none-eabi/16.1.0/thumb/crtn.o
                0x02ff3e80                        PROVIDE (__sp_usr = (ORIGIN (dtcm) + LENGTH (dtcm)))
                0x02ff3f80                        PROVIDE (__sp_irq = (__sp_usr + 0x100))
                0x02ff3fc0                        PROVIDE (__sp_svc = (__sp_irq + 0x40))
                0x02ff3ff8                        PROVIDE (__irq_flags = (__sp_svc + 0x38))
                [!provide]                        PROVIDE (__irq_vector = (__sp_svc + 0x3c))
                [!provide]                        PROVIDE (__arm_excpt_rst = 0xffff0000)
                [!provide]                        PROVIDE (__arm_excpt_und = 0xffff0004)
                0xffff0008                        PROVIDE (__arm_excpt_svc = 0xffff0008)
                [!provide]                        PROVIDE (__arm_excpt_pabt = 0xffff000c)
                [!provide]                        PROVIDE (__arm_excpt_dabt = 0xffff0010)
                [!provide]                        PROVIDE (__arm_excpt_irq = 0xffff0018)
                [!provide]                        PROVIDE (__arm_excpt_fiq = 0xffff001c)
                0x00000000                        PROVIDE (__end__ = 0x0)

.secure         0x0e000000      0x800 load address 0x02004000
                0x0e0007fc                        . = (. + 0x7fc)
 *fill*         0x0e000000      0x7fc 00000000
                0x0e0007fc        0x4 LONG 0x0

.bootstub       0x0e000800      0x198 load address 0x02004800
 *(.bootstub .bootstub.*)
 .bootstub.__ds9_bootstub
                0x0e000800      0x198 /opt/devkitpro/calico/lib/libcalico_ds9.a(bootstub_arm9.o)
                0x0e000800                __ds9_bootstub
                0x0e000998                        . = ALIGN (0x4)

.crt0           0x02001000      0x3c0 load address 0x02004998
 *(.crt0 .crt0.*)
 .crt0.__ds9_bootstub_trampoline
                0x02001000       0x60 /opt/devkitpro/calico/lib/libcalico_ds9.a(bootstub_arm9.o)
 *.crt0.*(.text .stub .text.* .gnu.linkonce.t.*)
 .text.crt0ProcessLoadList
                0x02001060       0x74 /opt/devkitpro/calico/lib/libcalico_ds9.a(startup.crt0.o)
                0x02001060                crt0ProcessLoadList
 .text.crt0Startup
                0x020010d4      0x180 /opt/devkitpro/calico/lib/libcalico_ds9.a(startup.crt0.o)
                0x020010d4                crt0Startup
 .text.crt0CopyMem32
                0x02001254       0x4c /opt/devkitpro/calico/lib/libcalico_ds9.a(utils.crt0.o)
                0x02001254                crt0CopyMem32
 .text.crt0FillMem32
                0x020012a0       0x58 /opt/devkitpro/calico/lib/libcalico_ds9.a(utils.crt0.o)
                0x020012a0                crt0FillMem32
 .text.crt0SetupMPU
                0x020012f8       0xb4 /opt/devkitpro/calico/lib/libcalico_ds9.a(mpu_setup.crt0.o)
                0x020012f8                crt0SetupMPU
 *.crt0.*(.glue_7t .glue_7 .vfp11_veneer .v4_bx)
 *.crt0.*(.rodata .rodata.* .gnu.linkonce.r.*)
 *.crt0.*(.rodata1)
                0x020013c0                        . = ALIGN (0x20)
 *fill*         0x020013ac       0x14 ff
                0x02004998                        PROVIDE (__crt0_lma = LOADADDR (.crt0))
                0x02001000                        PROVIDE (__crt0_start = ADDR (.crt0))
                0x020013c0                        PROVIDE (__crt0_end = (ADDR (.crt0) + SIZEOF (.crt0)))
                0x00000001                        ASSERT (((__crt0_end <= LOADADDR (.bootstub)) || (__crt0_start >= (LOADADDR (.bootstub) + SIZEOF (.bootstub)))), Error: crt0 section overlaps initial bootstrap)

.dldi           0x0380b000     0x4000 load address 0x02004d58
 *(.dldi)
 .dldi          0x0380b000     0x4000 /opt/devkitpro/calico/lib/libcalico_ds9.a(dldi_stub.o)
                0x0380b000                __dldi_start
                0x02004d58                        PROVIDE (__dldi_lma = SIZEOF (.dldi)?LOADADDR (.dldi):0x0)

.vectors        0x00000000       0x20 load address 0x02008d58
 *(.vectors)
 .vectors       0x00000000       0x20 /opt/devkitpro/calico/lib/libcalico_ds9.a(bootstub_arm9.o)

.itcm           0x01ff8020      0x6c8 load address 0x02008d78
 *(.itcm .itcm.*)
 .itcm          0x01ff8020       0x30 /opt/devkitpro/calico/lib/libcalico_ds9.a(bootstub_arm9.o)
                0x01ff8038                __excpt_vectors
 *.itcm.*(.text .stub .text.* .gnu.linkonce.t.*)
 *.32.o(.text .stub .text.* .gnu.linkonce.t.*)
 .text.threadSwitchTo
                0x01ff8050       0x7c /opt/devkitpro/calico/lib/libcalico_ds9.a(thread_hot.32.o)
                0x01ff8050                threadSwitchTo
 .text.threadBlock
                0x01ff80cc       0xd4 /opt/devkitpro/calico/lib/libcalico_ds9.a(thread_hot.32.o)
                0x01ff80cc                threadBlock
 .text.threadUnblockOneByValue
                0x01ff81a0       0xd4 /opt/devkitpro/calico/lib/libcalico_ds9.a(thread_hot.32.o)
                0x01ff81a0                threadUnblockOneByValue
 .text.threadUnblockAllByValue
                0x01ff8274      0x138 /opt/devkitpro/calico/lib/libcalico_ds9.a(thread_hot.32.o)
                0x01ff8274                threadUnblockAllByValue
 .text.threadUnblockAllByMask
                0x01ff83ac       0xf0 /opt/devkitpro/calico/lib/libcalico_ds9.a(thread_hot.32.o)
                0x01ff83ac                threadUnblockAllByMask
 .text.armCopyMem32
                0x01ff849c       0x4c /opt/devkitpro/calico/lib/libcalico_ds9.a(arm-copy-fill.32.o)
                0x01ff849c                armCopyMem32
 .text.armContextSave
                0x01ff84e8       0x2c /opt/devkitpro/calico/lib/libcalico_ds9.a(arm-context.32.o)
                0x01ff84e8                armContextSave
 .text.armContextLoad
                0x01ff8514       0x20 /opt/devkitpro/calico/lib/libcalico_ds9.a(arm-context.32.o)
                0x01ff8514                armContextLoad
                0x01ff8518                armContextLoadFromSvc
 .text.armWaitForIrq
                0x01ff8534        0x8 /opt/devkitpro/calico/lib/libcalico_ds9.a(arm-shims.32.o)
                0x01ff8534                armWaitForIrq
 .text.__excpt_entry
                0x01ff853c       0x50 /opt/devkitpro/calico/lib/libcalico_ds9.a(excpt_handler.32.o)
                0x01ff853c                __arm_excpt_rst
                0x01ff8540                __arm_excpt_pabt
                0x01ff8544                __arm_excpt_und
                0x01ff8550                __arm_excpt_dabt
 .text.armDrainWriteBuffer
                0x01ff858c        0xc /opt/devkitpro/calico/lib/libcalico_ds9.a(arm-cache.32.o)
                0x01ff858c                armDrainWriteBuffer
 .text.armDCacheFlushAll
                0x01ff8598       0x28 /opt/devkitpro/calico/lib/libcalico_ds9.a(arm-cache.32.o)
                0x01ff8598                armDCacheFlushAll
 .text.armDCacheFlush
                0x01ff85c0       0x1c /opt/devkitpro/calico/lib/libcalico_ds9.a(arm-cache.32.o)
                0x01ff85c0                armDCacheFlush
 .text.armDCacheInvalidate
                0x01ff85dc       0x1c /opt/devkitpro/calico/lib/libcalico_ds9.a(arm-cache.32.o)
                0x01ff85dc                armDCacheInvalidate
 .text.armICacheInvalidateAll
                0x01ff85f8        0xc /opt/devkitpro/calico/lib/libcalico_ds9.a(arm-cache.32.o)
                0x01ff85f8                armICacheInvalidateAll
 .text.__arm_excpt_irq
                0x01ff8604       0xe4 /opt/devkitpro/calico/lib/libcalico_ds9.a(irq_handler.32.o)
                0x01ff8604                __arm_excpt_irq
 *.itcm.*(.glue_7t .glue_7 .vfp11_veneer .v4_bx)
 *.32.o(.glue_7t .glue_7 .vfp11_veneer .v4_bx)
 *.itcm.*(.rodata .rodata.* .gnu.linkonce.r.*)
 *.32.o(.rodata .rodata.* .gnu.linkonce.r.*)
 *.itcm.*(.rodata1)
 *.32.o(.rodata1)
                0x01ff86e8                        . = ALIGN (0x4)
                0x02008d58                        PROVIDE (__itcm_lma = LOADADDR (.vectors))
                0x01ff8000                        PROVIDE (__itcm_start = (ADDR (.itcm) - SIZEOF (.vectors)))
                0x01ff86e8                        PROVIDE (__itcm_end = (ADDR (.itcm) + SIZEOF (.itcm)))
                0x00000001                        ASSERT (((__itcm_lma + SIZEOF (.vectors)) == LOADADDR (.itcm)), Error: gap between vectors and itcm)

.dtcm           0x02ff0000        0x0 load address 0x02009440
 *(.dtcm .dtcm.*)
 *.32.o(.data .data.* .gnu.linkonce.d.*)
 *.32.o(.data1)
                0x02ff0000                        . = ALIGN (0x4)
                [!provide]                        PROVIDE (__dtcm_lma = LOADADDR (.dtcm))
                0x02ff0000                        PROVIDE (__dtcm_start = ADDR (.dtcm))
                0x02ff0000                        PROVIDE (__dtcm_end = (ADDR (.dtcm) + SIZEOF (.dtcm)))

.dtcm.bss       0x02ff0000       0x98 load address 0x02009440
 *(.sbss .sbss.*)
 *.32.o(.dynbss)
 *.32.o(.bss .bss.* .gnu.linkonce.b.*)
 .bss.__irq_table
                0x02ff0000       0x80 /opt/devkitpro/calico/lib/libcalico_ds9.a(thread_hot.32.o)
                0x02ff0000                __irq_table
 .bss.__sched_state
                0x02ff0080       0x18 /opt/devkitpro/calico/lib/libcalico_ds9.a(thread_hot.32.o)
                0x02ff0080                __sched_state
 *.32.o(COMMON)
                0x02ff0098                        . = ALIGN (0x4)
                [!provide]                        PROVIDE (__dtcm_bss_start = ADDR (.dtcm.bss))
                0x02ff0098                        PROVIDE (__dtcm_bss_end = (ADDR (.dtcm.bss) + SIZEOF (.dtcm.bss)))

.main           0x020013c0    0x21238 load address 0x02009440
 *(SORT_NONE(.init))
 .init          0x020013c0        0x4 /opt/devkitpro/devkitARM/lib/gcc/arm-none-eabi/16.1.0/thumb/crti.o
                0x020013c0                _init
 .init          0x020013c4        0x8 /opt/devkitpro/devkitARM/lib/gcc/arm-none-eabi/16.1.0/thumb/crtn.o
 EXCLUDE_FILE(*.twl.*) *(.text.unlikely .text.*_unlikely .text.unlikely.*)
 EXCLUDE_FILE(*.twl.*) *(.text.exit .text.exit.*)
 .text.exit     0x020013cc       0x24 /opt/devkitpro/devkitARM/lib/gcc/arm-none-eabi/16.1.0/../../../../arm-none-eabi/lib/thumb/libg.a(libc_a-exit.o)
                0x020013cc                exit
 EXCLUDE_FILE(*.twl.*) *(.text.startup .text.startup.*)
 .text.startup.main
                0x020013f0      0x138 program.o
                0x020013f0                main
 EXCLUDE_FILE(*.twl.*) *(.text.hot .text.hot.*)
 EXCLUDE_FILE(*.twl.*) *(.text .iplt .stub .text.* .gnu.linkonce.t.*)
 .text.__do_global_dtors_aux
                0x02001528       0x2c /opt/devkitpro/devkitARM/lib/gcc/arm-none-eabi/16.1.0/thumb/crtbegin.o
 .text.frame_dummy
                0x02001554       0x24 /opt/devkitpro/devkitARM/lib/gcc/arm-none-eabi/16.1.0/thumb/crtbegin.o
 .iplt          0x02001578        0x0 /opt/devkitpro/devkitARM/lib/gcc/arm-none-eabi/16.1.0/thumb/crtbegin.o
 .text.init_pesi
                0x02001578       0x28 program.o
                0x02001578                init_pesi
 .text.forward  0x020015a0       0x44 program.o
                0x020015a0                forward
 .text.allena_epoca
                0x020015e4      0x190 program.o
                0x020015e4                allena_epoca
 .text.valuta   0x02001774      0x19c program.o
                0x02001774                valuta
 .text.salva_pesi
                0x02001910       0x78 program.o
                0x02001910                salva_pesi
 .text.fatInitDefault
                0x02001988       0x20 /opt/devkitpro/libnds/lib/libfat.a(fat_wrappers.o)
                0x02001988                fatInitDefault
 .text._dvmDiscCalicoDummy
                0x020019a8        0x4 /opt/devkitpro/libnds/lib/libfat.a(dvm_calico.o)
 .text._dvmDiscCalicoWriteSectors
                0x020019ac        0x8 /opt/devkitpro/libnds/lib/libfat.a(dvm_calico.o)
 .text._dvmDiscCalicoReadSectors
                0x020019b4        0x8 /opt/devkitpro/libnds/lib/libfat.a(dvm_calico.o)
 .text._dvmIsAlignedAccess
                0x020019bc       0x30 /opt/devkitpro/libnds/lib/libfat.a(dvm_calico.o)
                0x020019bc                _dvmIsAlignedAccess
 .text._dvmCacheCopy
                0x020019ec       0x14 /opt/devkitpro/libnds/lib/libfat.a(dvm_calico.o)
                0x020019ec                _dvmCacheCopy
 .text.dvmInit  0x02001a00      0x268 /opt/devkitpro/libnds/lib/libfat.a(dvm_calico.o)
                0x02001a00                dvmInit
 .text.dvmDiscAddUser
                0x02001c68       0x10 /opt/devkitpro/libnds/lib/libfat.a(dvm_disc.o)
                0x02001c68                dvmDiscAddUser
 .text.dvmDiscRemoveUser
                0x02001c78       0x24 /opt/devkitpro/libnds/lib/libfat.a(dvm_disc.o)
                0x02001c78                dvmDiscRemoveUser
 .text._dvmDiscCacheReadWrite
                0x02001c9c      0x408 /opt/devkitpro/libnds/lib/libfat.a(dvm_cache.o)
 .text._dvmDiscCacheWriteSectors
                0x020020a4       0x58 /opt/devkitpro/libnds/lib/libfat.a(dvm_cache.o)
 .text._dvmDiscCacheReadSectors
                0x020020fc       0x58 /opt/devkitpro/libnds/lib/libfat.a(dvm_cache.o)
 .text._dvmDiscCacheFlush
                0x02002154       0xb0 /opt/devkitpro/libnds/lib/libfat.a(dvm_cache.o)
 .text._dvmDiscCacheDestroy
                0x02002204       0x28 /opt/devkitpro/libnds/lib/libfat.a(dvm_cache.o)
 .text.dvmDiscCacheCreate
                0x0200222c      0x1ac /opt/devkitpro/libnds/lib/libfat.a(dvm_cache.o)
                0x0200222c                dvmDiscCacheCreate
 .text.dvmMountVolume
                0x020023d8      0x188 /opt/devkitpro/libnds/lib/libfat.a(dvm_volume.o)
                0x020023d8                dvmMountVolume
 .text._dvmSetAppWorkingDir
                0x02002560       0x74 /opt/devkitpro/libnds/lib/libfat.a(dvm_volume.o)
                0x02002560                _dvmSetAppWorkingDir
 .text._dvmIdentMbrVbr
                0x020025d4      0x1d8 /opt/devkitpro/libnds/lib/libfat.a(dvm_prober.o)
 .text.dvmReadPartitionTable
                0x020027ac      0x238 /opt/devkitpro/libnds/lib/libfat.a(dvm_prober.o)
                0x020027ac                dvmReadPartitionTable
 .text.dvmProbeMountDisc
                0x020029e4       0xcc /opt/devkitpro/libnds/lib/libfat.a(dvm_prober.o)
                0x020029e4                dvmProbeMountDisc
 .text._FAT_fstat_r
                0x02002ab0       0xbc /opt/devkitpro/libnds/lib/libfat.a(fat_driver.o)
 .text._FAT_umount
                0x02002b6c       0x1c /opt/devkitpro/libnds/lib/libfat.a(fat_driver.o)
 .text._FAT_mount
                0x02002b88       0x44 /opt/devkitpro/libnds/lib/libfat.a(fat_driver.o)
 .text._FAT_seek_r
                0x02002bcc      0x13c /opt/devkitpro/libnds/lib/libfat.a(fat_driver.o)
 .text._FAT_set_stat
                0x02002d08      0x104 /opt/devkitpro/libnds/lib/libfat.a(fat_driver.o)
 .text._FAT_mkdir_r
                0x02002e0c       0x64 /opt/devkitpro/libnds/lib/libfat.a(fat_driver.o)
 .text._FAT_chdir_r
                0x02002e70       0x64 /opt/devkitpro/libnds/lib/libfat.a(fat_driver.o)
 .text._FAT_unlink_r
                0x02002ed4       0x70 /opt/devkitpro/libnds/lib/libfat.a(fat_driver.o)
 .text._FAT_rmdir_r
                0x02002f44       0x6c /opt/devkitpro/libnds/lib/libfat.a(fat_driver.o)
 .text._FAT_diropen_r
                0x02002fb0       0x7c /opt/devkitpro/libnds/lib/libfat.a(fat_driver.o)
 .text._FAT_fsync_r
                0x0200302c       0x64 /opt/devkitpro/libnds/lib/libfat.a(fat_driver.o)
 .text._FAT_close_r
                0x02003090       0x64 /opt/devkitpro/libnds/lib/libfat.a(fat_driver.o)
 .text._FAT_dirclose_r
                0x020030f4       0x64 /opt/devkitpro/libnds/lib/libfat.a(fat_driver.o)
 .text._FAT_dirreset_r
                0x02003158       0x6c /opt/devkitpro/libnds/lib/libfat.a(fat_driver.o)
 .text._FAT_rename_r
                0x020031c4       0x80 /opt/devkitpro/libnds/lib/libfat.a(fat_driver.o)
 .text._FAT_stat_r
                0x02003244       0x94 /opt/devkitpro/libnds/lib/libfat.a(fat_driver.o)
 .text._FAT_read_r
                0x020032d8       0x7c /opt/devkitpro/libnds/lib/libfat.a(fat_driver.o)
 .text._FAT_write_r
                0x02003354       0x7c /opt/devkitpro/libnds/lib/libfat.a(fat_driver.o)
 .text._FAT_statvfs_r
                0x020033d0       0xf4 /opt/devkitpro/libnds/lib/libfat.a(fat_driver.o)
 .text._FAT_ftruncate_r
                0x020034c4      0x190 /opt/devkitpro/libnds/lib/libfat.a(fat_driver.o)
 .text._FAT_dirnext_r
                0x02003654      0x120 /opt/devkitpro/libnds/lib/libfat.a(fat_driver.o)
 .text._FAT_open_r
                0x02003774      0x124 /opt/devkitpro/libnds/lib/libfat.a(fat_driver.o)
 .text.get_fattime
                0x02003898       0x64 /opt/devkitpro/libnds/lib/libfat.a(fat_driver.o)
                0x02003898                get_fattime
 .text.ff_mutex_create
                0x020038fc       0x18 /opt/devkitpro/libnds/lib/libfat.a(fat_driver.o)
                0x020038fc                ff_mutex_create
 .text.ff_mutex_delete
                0x02003914        0x4 /opt/devkitpro/libnds/lib/libfat.a(fat_driver.o)
                0x02003914                ff_mutex_delete
 .text.ff_mutex_take
                0x02003918       0x14 /opt/devkitpro/libnds/lib/libfat.a(fat_driver.o)
                0x02003918                ff_mutex_take
 .text.ff_mutex_give
                0x0200392c        0x8 /opt/devkitpro/libnds/lib/libfat.a(fat_driver.o)
                0x0200392c                ff_mutex_give
 .text.disk_initialize
                0x02003934       0x24 /opt/devkitpro/libnds/lib/libfat.a(fat_driver.o)
                0x02003934                disk_initialize
 .text.disk_status
                0x02003958       0x24 /opt/devkitpro/libnds/lib/libfat.a(fat_driver.o)
                0x02003958                disk_status
 .text.disk_read
                0x0200397c       0x2c /opt/devkitpro/libnds/lib/libfat.a(fat_driver.o)
                0x0200397c                disk_read
 .text.disk_write
                0x020039a8       0x2c /opt/devkitpro/libnds/lib/libfat.a(fat_driver.o)
                0x020039a8                disk_write
 .text.disk_ioctl
                0x020039d4       0x38 /opt/devkitpro/libnds/lib/libfat.a(fat_driver.o)
                0x020039d4                disk_ioctl
 .text.tchar2uni
                0x02003a0c       0xfc /opt/devkitpro/libnds/lib/libfat.a(ff.o)
 .text.sync_window
                0x02003b08       0x90 /opt/devkitpro/libnds/lib/libfat.a(ff.o)
 .text.put_utf  0x02003b98      0x130 /opt/devkitpro/libnds/lib/libfat.a(ff.o)
 .text.dir_clear
                0x02003cc8       0x9c /opt/devkitpro/libnds/lib/libfat.a(ff.o)
 .text.get_fileinfo
                0x02003d64      0x28c /opt/devkitpro/libnds/lib/libfat.a(ff.o)
 .text.sync_fs  0x02003ff0      0x180 /opt/devkitpro/libnds/lib/libfat.a(ff.o)
 .text.move_window
                0x02004170       0xc4 /opt/devkitpro/libnds/lib/libfat.a(ff.o)
 .text.put_fat.part.0
                0x02004234      0x1dc /opt/devkitpro/libnds/lib/libfat.a(ff.o)
 .text.get_fat.isra.0
                0x02004410      0x160 /opt/devkitpro/libnds/lib/libfat.a(ff.o)
 .text.remove_chain
                0x02004570       0xf4 /opt/devkitpro/libnds/lib/libfat.a(ff.o)
 .text.create_chain
                0x02004664      0x21c /opt/devkitpro/libnds/lib/libfat.a(ff.o)
 .text.dir_next
                0x02004880      0x170 /opt/devkitpro/libnds/lib/libfat.a(ff.o)
 .text.dir_read
                0x020049f0      0x248 /opt/devkitpro/libnds/lib/libfat.a(ff.o)
 .text.dir_sdi  0x02004c38      0x128 /opt/devkitpro/libnds/lib/libfat.a(ff.o)
 .text.dir_alloc
                0x02004d60       0xcc /opt/devkitpro/libnds/lib/libfat.a(ff.o)
 .text.dir_remove
                0x02004e2c       0xc4 /opt/devkitpro/libnds/lib/libfat.a(ff.o)
 .text.dir_find
                0x02004ef0      0x2f8 /opt/devkitpro/libnds/lib/libfat.a(ff.o)
 .text.follow_path
                0x020051e8      0x590 /opt/devkitpro/libnds/lib/libfat.a(ff.o)
 .text.dir_register
                0x02005778      0x434 /opt/devkitpro/libnds/lib/libfat.a(ff.o)
 .text.check_fs
                0x02005bac      0x1ec /opt/devkitpro/libnds/lib/libfat.a(ff.o)
 .text.mount_volume.part.0
                0x02005d98      0x504 /opt/devkitpro/libnds/lib/libfat.a(ff.o)
 .text.validate
                0x0200629c       0xbc /opt/devkitpro/libnds/lib/libfat.a(ff.o)
 .text.f_mount  0x02006358       0x6c /opt/devkitpro/libnds/lib/libfat.a(ff.o)
                0x02006358                f_mount
 .text.f_umount
                0x020063c4       0x38 /opt/devkitpro/libnds/lib/libfat.a(ff.o)
                0x020063c4                f_umount
 .text.f_open   0x020063fc      0x400 /opt/devkitpro/libnds/lib/libfat.a(ff.o)
                0x020063fc                f_open
 .text.f_read   0x020067fc      0x2a4 /opt/devkitpro/libnds/lib/libfat.a(ff.o)
                0x020067fc                f_read
 .text.f_write  0x02006aa0      0x350 /opt/devkitpro/libnds/lib/libfat.a(ff.o)
                0x02006aa0                f_write
 .text.f_sync   0x02006df0      0x1a0 /opt/devkitpro/libnds/lib/libfat.a(ff.o)
                0x02006df0                f_sync
 .text.f_close  0x02006f90       0x58 /opt/devkitpro/libnds/lib/libfat.a(ff.o)
                0x02006f90                f_close
 .text.f_chdir  0x02006fe8       0xf0 /opt/devkitpro/libnds/lib/libfat.a(ff.o)
                0x02006fe8                f_chdir
 .text.f_lseek  0x020070d8      0x298 /opt/devkitpro/libnds/lib/libfat.a(ff.o)
                0x020070d8                f_lseek
 .text.f_opendir
                0x02007370      0x12c /opt/devkitpro/libnds/lib/libfat.a(ff.o)
                0x02007370                f_opendir
 .text.f_closedir
                0x0200749c       0xb0 /opt/devkitpro/libnds/lib/libfat.a(ff.o)
                0x0200749c                f_closedir
 .text.f_readdir
                0x0200754c       0xd0 /opt/devkitpro/libnds/lib/libfat.a(ff.o)
                0x0200754c                f_readdir
 .text.f_stat   0x0200761c      0x104 /opt/devkitpro/libnds/lib/libfat.a(ff.o)
                0x0200761c                f_stat
 .text.f_getfree
                0x02007720      0x184 /opt/devkitpro/libnds/lib/libfat.a(ff.o)
                0x02007720                f_getfree
 .text.f_truncate
                0x020078a4      0x228 /opt/devkitpro/libnds/lib/libfat.a(ff.o)
                0x020078a4                f_truncate
 .text.f_unlink
                0x02007acc      0x1a4 /opt/devkitpro/libnds/lib/libfat.a(ff.o)
                0x02007acc                f_unlink
 .text.f_mkdir  0x02007c70      0x294 /opt/devkitpro/libnds/lib/libfat.a(ff.o)
                0x02007c70                f_mkdir
 .text.f_rename
                0x02007f04      0x248 /opt/devkitpro/libnds/lib/libfat.a(ff.o)
                0x02007f04                f_rename
 .text.ff_uni2oem
                0x0200814c       0x78 /opt/devkitpro/libnds/lib/libfat.a(ffunicode.o)
                0x0200814c                ff_uni2oem
 .text.ff_oem2uni
                0x020081c4       0x40 /opt/devkitpro/libnds/lib/libfat.a(ffunicode.o)
                0x020081c4                ff_oem2uni
 .text.ff_wtoupper
                0x02008204      0x128 /opt/devkitpro/libnds/lib/libfat.a(ffunicode.o)
                0x02008204                ff_wtoupper
 .text.newRow   0x0200832c       0xe8 /opt/devkitpro/libnds/lib/libnds9.a(console.o)
 .text.consolePrintChar
                0x02008414       0xe0 /opt/devkitpro/libnds/lib/libnds9.a(console.o)
                0x02008414                consolePrintChar
 .text.con_write
                0x020084f4      0x34c /opt/devkitpro/libnds/lib/libnds9.a(console.o)
                0x020084f4                con_write
 .text.consoleLoadFont
                0x02008840      0x2e4 /opt/devkitpro/libnds/lib/libnds9.a(console.o)
                0x02008840                consoleLoadFont
 .text.consoleInit
                0x02008b24      0x170 /opt/devkitpro/libnds/lib/libnds9.a(console.o)
                0x02008b24                consoleInit
 .text.consoleDemoInit
                0x02008c94       0x40 /opt/devkitpro/libnds/lib/libnds9.a(console.o)
                0x02008c94                consoleDemoInit
 .text.scanKeys
                0x02008cd4       0x6c /opt/devkitpro/libnds/lib/libnds9.a(keys.o)
                0x02008cd4                scanKeys
 .text.keysDown
                0x02008d40       0x10 /opt/devkitpro/libnds/lib/libnds9.a(keys.o)
                0x02008d40                keysDown
 .text.checkIfText
                0x02008d50       0x6c /opt/devkitpro/libnds/lib/libnds9.a(background.o)
                0x02008d50                checkIfText
 .text.bgUpdate
                0x02008dbc       0xe8 /opt/devkitpro/libnds/lib/libnds9.a(background.o)
                0x02008dbc                bgUpdate
 .text.bgInit_call
                0x02008ea4       0xa8 /opt/devkitpro/libnds/lib/libnds9.a(background.o)
                0x02008ea4                bgInit_call
 .text.bgInitSub_call
                0x02008f4c       0xb0 /opt/devkitpro/libnds/lib/libnds9.a(background.o)
                0x02008f4c                bgInitSub_call
 .text.sinLutLookup
                0x02008ffc       0x4c /opt/devkitpro/libnds/lib/libnds9.a(trig.o)
                0x02008ffc                sinLutLookup
 .text.sinLerp  0x02009048       0x38 /opt/devkitpro/libnds/lib/libnds9.a(trig.o)
                0x02009048                sinLerp
 .text.cosLerp  0x02009080       0x44 /opt/devkitpro/libnds/lib/libnds9.a(trig.o)
                0x02009080                cosLerp
 .text._threadTickTask
                0x020090c4       0x10 /opt/devkitpro/calico/lib/libcalico_ds9.a(thread_cold.o)
 .text.threadExit
                0x020090d4       0xa0 /opt/devkitpro/calico/lib/libcalico_ds9.a(thread_cold.o)
                0x020090d4                threadExit
 .text._threadInit
                0x02009174       0x98 /opt/devkitpro/calico/lib/libcalico_ds9.a(thread_cold.o)
                0x02009174                _threadInit
 .text.threadPrepare
                0x0200920c      0x134 /opt/devkitpro/calico/lib/libcalico_ds9.a(thread_cold.o)
                0x0200920c                threadPrepare
 .text.threadStart
                0x02009340       0x94 /opt/devkitpro/calico/lib/libcalico_ds9.a(thread_cold.o)
                0x02009340                threadStart
 .text.threadIrqWait
                0x020093d4       0xa4 /opt/devkitpro/calico/lib/libcalico_ds9.a(thread_cold.o)
                0x020093d4                threadIrqWait
 .text.threadSleepTicks
                0x02009478       0x58 /opt/devkitpro/calico/lib/libcalico_ds9.a(thread_cold.o)
                0x02009478                threadSleepTicks
 .text.threadUpdateDynamicPrio
                0x020094d0      0x1d4 /opt/devkitpro/calico/lib/libcalico_ds9.a(mutex.o)
                0x020094d0                threadUpdateDynamicPrio
 .text.threadRemoveWaiter
                0x020096a4      0x148 /opt/devkitpro/calico/lib/libcalico_ds9.a(mutex.o)
 .text.mutexLock
                0x020097ec      0x138 /opt/devkitpro/calico/lib/libcalico_ds9.a(mutex.o)
                0x020097ec                mutexLock
 .text.mutexUnlock
                0x02009924       0xbc /opt/devkitpro/calico/lib/libcalico_ds9.a(mutex.o)
                0x02009924                mutexUnlock
 .text.__syscall_getreent
                0x020099e0       0x14 /opt/devkitpro/calico/lib/libcalico_ds9.a(newlib_syscalls.o)
                0x020099e0                __syscall_getreent
 .text.__errno  0x020099f4       0x24 /opt/devkitpro/calico/lib/libcalico_ds9.a(newlib_syscalls.o)
                0x020099f4                __errno
 .text.__syscall_gettod_r
                0x02009a18       0x30 /opt/devkitpro/calico/lib/libcalico_ds9.a(newlib_syscalls.o)
                0x02009a18                __syscall_gettod_r
 .text.__syscall_lock_acquire
                0x02009a48        0x4 /opt/devkitpro/calico/lib/libcalico_ds9.a(newlib_syscalls.o)
                0x02009a48                __syscall_lock_acquire
 .text.__syscall_lock_release
                0x02009a4c        0x4 /opt/devkitpro/calico/lib/libcalico_ds9.a(newlib_syscalls.o)
                0x02009a4c                __syscall_lock_release
 .text.__syscall_lock_acquire_recursive
                0x02009a50       0x4c /opt/devkitpro/calico/lib/libcalico_ds9.a(newlib_syscalls.o)
                0x02009a50                __syscall_lock_acquire_recursive
 .text.__syscall_lock_release_recursive
                0x02009a9c       0x18 /opt/devkitpro/calico/lib/libcalico_ds9.a(newlib_syscalls.o)
                0x02009a9c                __syscall_lock_release_recursive
 .text._pxiMailboxHandler
                0x02009ab4        0x4 /opt/devkitpro/calico/lib/libcalico_ds9.a(pxi.o)
 .text._pxiRecvUnhandled
                0x02009ab8        0x4 /opt/devkitpro/calico/lib/libcalico_ds9.a(pxi.o)
                0x02009ab8                _pxiRecvUnhandled
 .text._pxiRecvIrqHandler
                0x02009abc      0x154 /opt/devkitpro/calico/lib/libcalico_ds9.a(pxi.o)
 .text._pxiInit
                0x02009c10       0x58 /opt/devkitpro/calico/lib/libcalico_ds9.a(pxi.o)
                0x02009c10                _pxiInit
 .text.pxiSetHandler
                0x02009c68       0x74 /opt/devkitpro/calico/lib/libcalico_ds9.a(pxi.o)
                0x02009c68                pxiSetHandler
 .text.pxiSetMailbox
                0x02009cdc       0x68 /opt/devkitpro/calico/lib/libcalico_ds9.a(pxi.o)
                0x02009cdc                pxiSetMailbox
 .text.pxiWaitRemote
                0x02009d44       0x38 /opt/devkitpro/calico/lib/libcalico_ds9.a(pxi.o)
                0x02009d44                pxiWaitRemote
 .text.pxiSendPacket
                0x02009d7c       0x50 /opt/devkitpro/calico/lib/libcalico_ds9.a(pxi.o)
                0x02009d7c                pxiSendPacket
 .text.pxiSendExtPacket
                0x02009dcc       0x98 /opt/devkitpro/calico/lib/libcalico_ds9.a(pxi.o)
                0x02009dcc                pxiSendExtPacket
 .text.pxiBeginReceive
                0x02009e64       0x2c /opt/devkitpro/calico/lib/libcalico_ds9.a(pxi.o)
                0x02009e64                pxiBeginReceive
 .text.pxiEndReceive
                0x02009e90       0xac /opt/devkitpro/calico/lib/libcalico_ds9.a(pxi.o)
                0x02009e90                pxiEndReceive
 .text.keypadGetState
                0x02009f3c       0x28 /opt/devkitpro/calico/lib/libcalico_ds9.a(keypad.o)
                0x02009f3c                keypadGetState
 .text._pmCallEventHandlers
                0x02009f64       0x40 /opt/devkitpro/calico/lib/libcalico_ds9.a(pm.o)
 .text._pmPxiThreadMain
                0x02009fa4       0x9c /opt/devkitpro/calico/lib/libcalico_ds9.a(pm.o)
 .text._pmResetPxiHandler
                0x0200a040       0x28 /opt/devkitpro/calico/lib/libcalico_ds9.a(pm.o)
 .text.systemUserExit
                0x0200a068        0x4 /opt/devkitpro/calico/lib/libcalico_ds9.a(pm.o)
                0x0200a068                systemUserExit
 .text.systemErrorExit
                0x0200a06c        0x4 /opt/devkitpro/calico/lib/libcalico_ds9.a(pm.o)
                0x0200a06c                systemErrorExit
 .text.__syscall_exit
                0x0200a070      0x138 /opt/devkitpro/calico/lib/libcalico_ds9.a(pm.o)
                0x0200a070                __syscall_exit
 .text.pmInit   0x0200a1a8       0x58 /opt/devkitpro/calico/lib/libcalico_ds9.a(pm.o)
                0x0200a1a8                pmInit
 .text.pmEnterSleep
                0x0200a200       0xcc /opt/devkitpro/calico/lib/libcalico_ds9.a(pm.o)
                0x0200a200                pmEnterSleep
 .text.pmMainLoop
                0x0200a2cc       0x74 /opt/devkitpro/calico/lib/libcalico_ds9.a(pm.o)
                0x0200a2cc                pmMainLoop
 .text.systemUserStartup
                0x0200a340        0x4 /opt/devkitpro/calico/lib/libcalico_ds9.a(sys_startup.o)
                0x0200a340                systemUserStartup
 .text.systemStartup
                0x0200a344      0x110 /opt/devkitpro/calico/lib/libcalico_ds9.a(sys_startup.o)
                0x0200a344                systemStartup
 .text.touchRead
                0x0200a454       0x58 /opt/devkitpro/calico/lib/libcalico_ds9.a(touch.o)
                0x0200a454                touchRead
 .text._blkDevReadWriteSectors
                0x0200a4ac       0x44 /opt/devkitpro/calico/lib/libcalico_ds9.a(blk.o)
 .text.blkInit  0x0200a4f0        0x8 /opt/devkitpro/calico/lib/libcalico_ds9.a(blk.o)
                0x0200a4f0                blkInit
 .text.blkDevIsPresent
                0x0200a4f8       0x30 /opt/devkitpro/calico/lib/libcalico_ds9.a(blk.o)
                0x0200a4f8                blkDevIsPresent
 .text.blkDevInit
                0x0200a528       0x30 /opt/devkitpro/calico/lib/libcalico_ds9.a(blk.o)
                0x0200a528                blkDevInit
 .text.blkDevGetSectorCount
                0x0200a558       0x34 /opt/devkitpro/calico/lib/libcalico_ds9.a(blk.o)
                0x0200a558                blkDevGetSectorCount
 .text.blkDevReadSectors
                0x0200a58c       0x5c /opt/devkitpro/calico/lib/libcalico_ds9.a(blk.o)
                0x0200a58c                blkDevReadSectors
 .text.blkDevWriteSectors
                0x0200a5e8       0x5c /opt/devkitpro/calico/lib/libcalico_ds9.a(blk.o)
                0x0200a5e8                blkDevWriteSectors
 .text.irqSet   0x0200a644       0x64 /opt/devkitpro/calico/lib/libcalico_ds9.a(irq.o)
                0x0200a644                irqSet
 .text._tickCountIsr
                0x0200a6a8       0x1c /opt/devkitpro/calico/lib/libcalico_ds9.a(tick.o)
 .text._tickTaskSchedule.part.0.isra.0
                0x0200a6c4       0x84 /opt/devkitpro/calico/lib/libcalico_ds9.a(tick.o)
 .text.tickInit
                0x0200a748       0xa0 /opt/devkitpro/calico/lib/libcalico_ds9.a(tick.o)
                0x0200a748                tickInit
 .text.tickGetCount
                0x0200a7e8       0x5c /opt/devkitpro/calico/lib/libcalico_ds9.a(tick.o)
                0x0200a7e8                tickGetCount
 .text._tickTaskIsr
                0x0200a844      0x110 /opt/devkitpro/calico/lib/libcalico_ds9.a(tick.o)
 .text.tickTaskStart
                0x0200a954      0x144 /opt/devkitpro/calico/lib/libcalico_ds9.a(tick.o)
                0x0200a954                tickTaskStart
 .text.mailboxTrySend
                0x0200aa98       0x98 /opt/devkitpro/calico/lib/libcalico_ds9.a(mailbox.o)
                0x0200aa98                mailboxTrySend
 .text.mailboxRecv
                0x0200ab30       0x98 /opt/devkitpro/calico/lib/libcalico_ds9.a(mailbox.o)
                0x0200ab30                mailboxRecv
 .text          0x0200abc8      0x11c /opt/devkitpro/devkitARM/lib/gcc/arm-none-eabi/16.1.0/thumb/libgcc.a(_udivsi3.o)
                0x0200abc8                __udivsi3
                0x0200abc8                __aeabi_uidiv
                0x0200acc4                __aeabi_uidivmod
 .text          0x0200ace4      0x150 /opt/devkitpro/devkitARM/lib/gcc/arm-none-eabi/16.1.0/thumb/libgcc.a(_divsi3.o)
                0x0200ace4                __aeabi_idiv
                0x0200ace4                __divsi3
                0x0200ae14                __aeabi_idivmod
 .text          0x0200ae34        0x4 /opt/devkitpro/devkitARM/lib/gcc/arm-none-eabi/16.1.0/thumb/libgcc.a(_dvmd_tls.o)
                0x0200ae34                __aeabi_ldiv0
                0x0200ae34                __aeabi_idiv0
 .text          0x0200ae38       0xd4 /opt/devkitpro/devkitARM/lib/gcc/arm-none-eabi/16.1.0/thumb/libgcc.a(_aeabi_ldivmod.o)
                0x0200ae38                __aeabi_ldivmod
 .text          0x0200af0c       0x3c /opt/devkitpro/devkitARM/lib/gcc/arm-none-eabi/16.1.0/thumb/libgcc.a(_aeabi_uldivmod.o)
                0x0200af0c                __aeabi_uldivmod
 .text.__udivmoddi4
                0x0200af48      0x194 /opt/devkitpro/devkitARM/lib/gcc/arm-none-eabi/16.1.0/thumb/libgcc.a(_udivmoddi4.o)
                0x0200af48                __udivmoddi4
 .text          0x0200b0dc       0x28 /opt/devkitpro/devkitARM/lib/gcc/arm-none-eabi/16.1.0/thumb/libgcc.a(_clzdi2.o)
                0x0200b0dc                __clzdi2
 .text          0x0200b104       0x48 /opt/devkitpro/devkitARM/lib/gcc/arm-none-eabi/16.1.0/thumb/libgcc.a(_clzsi2.o)
                0x0200b104                __clzsi2
 .text.memcpy   0x0200b14c       0xac /opt/devkitpro/devkitARM/lib/gcc/arm-none-eabi/16.1.0/../../../../arm-none-eabi/lib/thumb/libg.a(libc_a-memcpy-stub.o)
                0x0200b14c                memcpy
 .text._fread_r
                0x0200b1f8      0x228 /opt/devkitpro/devkitARM/lib/gcc/arm-none-eabi/16.1.0/../../../../arm-none-eabi/lib/thumb/libg.a(libc_a-fread.o)
                0x0200b1f8                _fread_r
 .text._fopen_r
                0x0200b420       0xb4 /opt/devkitpro/devkitARM/lib/gcc/arm-none-eabi/16.1.0/../../../../arm-none-eabi/lib/thumb/libg.a(libc_a-fopen.o)
                0x0200b420                _fopen_r
 .text.fopen    0x0200b4d4       0x18 /opt/devkitpro/devkitARM/lib/gcc/arm-none-eabi/16.1.0/../../../../arm-none-eabi/lib/thumb/libg.a(libc_a-fopen.o)
                0x0200b4d4                fopen
 .text.strchr   0x0200b4ec       0xbc /opt/devkitpro/devkitARM/lib/gcc/arm-none-eabi/16.1.0/../../../../arm-none-eabi/lib/thumb/libg.a(libc_a-strchr.o)
                0x0200b4ec                strchr
 .text.memcmp   0x0200b5a8       0x48 /opt/devkitpro/devkitARM/lib/gcc/arm-none-eabi/16.1.0/../../../../arm-none-eabi/lib/thumb/libg.a(libc_a-memcmp.o)
                0x0200b5a8                memcmp
 .text.calloc   0x0200b5f0       0x18 /opt/devkitpro/devkitARM/lib/gcc/arm-none-eabi/16.1.0/../../../../arm-none-eabi/lib/thumb/libg.a(libc_a-calloc.o)
                0x0200b5f0                calloc
 .text.aligned_alloc
                0x0200b608       0x18 /opt/devkitpro/devkitARM/lib/gcc/arm-none-eabi/16.1.0/../../../../arm-none-eabi/lib/thumb/libg.a(libc_a-aligned_alloc.o)
                0x0200b608                aligned_alloc
 .text.validate_structure
                0x0200b620      0x1f8 /opt/devkitpro/devkitARM/lib/gcc/arm-none-eabi/16.1.0/../../../../arm-none-eabi/lib/thumb/libg.a(libc_a-mktime.o)
 .text.mktime   0x0200b818      0x434 /opt/devkitpro/devkitARM/lib/gcc/arm-none-eabi/16.1.0/../../../../arm-none-eabi/lib/thumb/libg.a(libc_a-mktime.o)
                0x0200b818                mktime
 .text._memalign_r
                0x0200bc4c      0x118 /opt/devkitpro/devkitARM/lib/gcc/arm-none-eabi/16.1.0/../../../../arm-none-eabi/lib/thumb/libg.a(libc_a-malignr.o)
                0x0200bc4c                _memalign_r
 .text.__smakebuf_r
                0x0200bd64       0xe0 /opt/devkitpro/devkitARM/lib/gcc/arm-none-eabi/16.1.0/../../../../arm-none-eabi/lib/thumb/libg.a(libc_a-makebuf.o)
                0x0200bd64                __smakebuf_r
 .text.__swhatbuf_r
                0x0200be44       0x5c /opt/devkitpro/devkitARM/lib/gcc/arm-none-eabi/16.1.0/../../../../arm-none-eabi/lib/thumb/libg.a(libc_a-makebuf.o)
                0x0200be44                __swhatbuf_r
 .text.memset   0x0200bea0       0x8c /opt/devkitpro/devkitARM/lib/gcc/arm-none-eabi/16.1.0/../../../../arm-none-eabi/lib/thumb/libg.a(libc_a-memset.o)
                0x0200bea0                memset
 .text._calloc_r
                0x0200bf2c       0xcc /opt/devkitpro/devkitARM/lib/gcc/arm-none-eabi/16.1.0/../../../../arm-none-eabi/lib/thumb/libg.a(libc_a-callocr.o)
                0x0200bf2c                _calloc_r
 .text.__sflush_r
                0x0200bff8      0x180 /opt/devkitpro/devkitARM/lib/gcc/arm-none-eabi/16.1.0/../../../../arm-none-eabi/lib/thumb/libg.a(libc_a-fflush.o)
                0x0200bff8                __sflush_r
 .text._fflush_r
                0x0200c178       0x70 /opt/devkitpro/devkitARM/lib/gcc/arm-none-eabi/16.1.0/../../../../arm-none-eabi/lib/thumb/libg.a(libc_a-fflush.o)
                0x0200c178                _fflush_r
 .text.fflush   0x0200c1e8       0x30 /opt/devkitpro/devkitARM/lib/gcc/arm-none-eabi/16.1.0/../../../../arm-none-eabi/lib/thumb/libg.a(libc_a-fflush.o)
                0x0200c1e8                fflush
 .text._fwrite_r
                0x0200c218       0x9c /opt/devkitpro/devkitARM/lib/gcc/arm-none-eabi/16.1.0/../../../../arm-none-eabi/lib/thumb/libg.a(libc_a-fwrite.o)
                0x0200c218                _fwrite_r
 .text.fwrite   0x0200c2b4       0x24 /opt/devkitpro/devkitARM/lib/gcc/arm-none-eabi/16.1.0/../../../../arm-none-eabi/lib/thumb/libg.a(libc_a-fwrite.o)
                0x0200c2b4                fwrite
 .text.localtime_r
                0x0200c2d8      0x228 /opt/devkitpro/devkitARM/lib/gcc/arm-none-eabi/16.1.0/../../../../arm-none-eabi/lib/thumb/libg.a(libc_a-lcltime_r.o)
                0x0200c2d8                localtime_r
 .text.fscanf   0x0200c500       0x28 /opt/devkitpro/devkitARM/lib/gcc/arm-none-eabi/16.1.0/../../../../arm-none-eabi/lib/thumb/libg.a(libc_a-fscanf.o)
                0x0200c500                fscanf
 .text.__tzcalc_limits
                0x0200c528      0x1ac /opt/devkitpro/devkitARM/lib/gcc/arm-none-eabi/16.1.0/../../../../arm-none-eabi/lib/thumb/libg.a(libc_a-tzcalc_limits.o)
                0x0200c528                __tzcalc_limits
 .text._malloc_r
                0x0200c6d4      0x550 /opt/devkitpro/devkitARM/lib/gcc/arm-none-eabi/16.1.0/../../../../arm-none-eabi/lib/thumb/libg.a(libc_a-mallocr.o)
                0x0200c6d4                _malloc_r
 .text          0x0200cc24      0x224 /opt/devkitpro/devkitARM/lib/gcc/arm-none-eabi/16.1.0/../../../../arm-none-eabi/lib/thumb/libg.a(libc_a-strcmp.o)
                0x0200cc24                strcmp
 .text._malloc_trim_r
                0x0200ce48       0xac /opt/devkitpro/devkitARM/lib/gcc/arm-none-eabi/16.1.0/../../../../arm-none-eabi/lib/thumb/libg.a(libc_a-freer.o)
                0x0200ce48                _malloc_trim_r
 .text._free_r  0x0200cef4      0x1d8 /opt/devkitpro/devkitARM/lib/gcc/arm-none-eabi/16.1.0/../../../../arm-none-eabi/lib/thumb/libg.a(libc_a-freer.o)
                0x0200cef4                _free_r
 .text.setvbuf  0x0200d0cc      0x1ac /opt/devkitpro/devkitARM/lib/gcc/arm-none-eabi/16.1.0/../../../../arm-none-eabi/lib/thumb/libg.a(libc_a-setvbuf.o)
                0x0200d0cc                setvbuf
 .text.stdio_exit_handler
                0x0200d278       0x20 /opt/devkitpro/devkitARM/lib/gcc/arm-none-eabi/16.1.0/../../../../arm-none-eabi/lib/thumb/libg.a(libc_a-findfp.o)
 .text.cleanup_stdio
                0x0200d298       0x40 /opt/devkitpro/devkitARM/lib/gcc/arm-none-eabi/16.1.0/../../../../arm-none-eabi/lib/thumb/libg.a(libc_a-findfp.o)
 .text.global_stdio_init.part.0
                0x0200d2d8      0x120 /opt/devkitpro/devkitARM/lib/gcc/arm-none-eabi/16.1.0/../../../../arm-none-eabi/lib/thumb/libg.a(libc_a-findfp.o)
 .text.__sfp    0x0200d3f8       0xcc /opt/devkitpro/devkitARM/lib/gcc/arm-none-eabi/16.1.0/../../../../arm-none-eabi/lib/thumb/libg.a(libc_a-findfp.o)
                0x0200d3f8                __sfp
 .text.__sinit  0x0200d4c4       0x3c /opt/devkitpro/devkitARM/lib/gcc/arm-none-eabi/16.1.0/../../../../arm-none-eabi/lib/thumb/libg.a(libc_a-findfp.o)
                0x0200d4c4                __sinit
 .text.__sfp_lock_acquire
                0x0200d500       0x14 /opt/devkitpro/devkitARM/lib/gcc/arm-none-eabi/16.1.0/../../../../arm-none-eabi/lib/thumb/libg.a(libc_a-findfp.o)
                0x0200d500                __sfp_lock_acquire
 .text.__sfp_lock_release
                0x0200d514       0x14 /opt/devkitpro/devkitARM/lib/gcc/arm-none-eabi/16.1.0/../../../../arm-none-eabi/lib/thumb/libg.a(libc_a-findfp.o)
                0x0200d514                __sfp_lock_release
 .text.__libc_init_array
                0x0200d528       0x54 /opt/devkitpro/devkitARM/lib/gcc/arm-none-eabi/16.1.0/../../../../arm-none-eabi/lib/thumb/libg.a(libc_a-init.o)
                0x0200d528                __libc_init_array
 .text._fseek_r
                0x0200d57c       0x14 /opt/devkitpro/devkitARM/lib/gcc/arm-none-eabi/16.1.0/../../../../arm-none-eabi/lib/thumb/libg.a(libc_a-fseek.o)
                0x0200d57c                _fseek_r
 .text._tzset_unlocked
                0x0200d590       0x10 /opt/devkitpro/devkitARM/lib/gcc/arm-none-eabi/16.1.0/../../../../arm-none-eabi/lib/thumb/libg.a(libc_a-tzset.o)
                0x0200d590                _tzset_unlocked
 .text.malloc   0x0200d5a0       0x28 /opt/devkitpro/devkitARM/lib/gcc/arm-none-eabi/16.1.0/../../../../arm-none-eabi/lib/thumb/libg.a(libc_a-malloc.o)
                0x0200d5a0                malloc
 .text.free     0x0200d5c8       0x14 /opt/devkitpro/devkitARM/lib/gcc/arm-none-eabi/16.1.0/../../../../arm-none-eabi/lib/thumb/libg.a(libc_a-malloc.o)
                0x0200d5c8                free
 .text.siscanf  0x0200d5dc       0x50 /opt/devkitpro/devkitARM/lib/gcc/arm-none-eabi/16.1.0/../../../../arm-none-eabi/lib/thumb/libg.a(libc_a-siscanf.o)
                0x0200d5dc                siscanf
 .text.strrchr  0x0200d62c       0x30 /opt/devkitpro/devkitARM/lib/gcc/arm-none-eabi/16.1.0/../../../../arm-none-eabi/lib/thumb/libg.a(libc_a-strrchr.o)
                0x0200d62c                strrchr
 .text.__gettzinfo
                0x0200d65c        0x8 /opt/devkitpro/devkitARM/lib/gcc/arm-none-eabi/16.1.0/../../../../arm-none-eabi/lib/thumb/libg.a(libc_a-gettzinfo.o)
                0x0200d65c                __gettzinfo
 .text.__sread  0x0200d664       0x34 /opt/devkitpro/devkitARM/lib/gcc/arm-none-eabi/16.1.0/../../../../arm-none-eabi/lib/thumb/libg.a(libc_a-stdio.o)
                0x0200d664                __sread
 .text.__seofread
                0x0200d698        0x4 /opt/devkitpro/devkitARM/lib/gcc/arm-none-eabi/16.1.0/../../../../arm-none-eabi/lib/thumb/libg.a(libc_a-stdio.o)
                0x0200d698                __seofread
 .text.__swrite
                0x0200d69c       0x4c /opt/devkitpro/devkitARM/lib/gcc/arm-none-eabi/16.1.0/../../../../arm-none-eabi/lib/thumb/libg.a(libc_a-stdio.o)
                0x0200d69c                __swrite
 .text.__sseek  0x0200d6e8       0x3c /opt/devkitpro/devkitARM/lib/gcc/arm-none-eabi/16.1.0/../../../../arm-none-eabi/lib/thumb/libg.a(libc_a-stdio.o)
                0x0200d6e8                __sseek
 .text.__sclose
                0x0200d724       0x10 /opt/devkitpro/devkitARM/lib/gcc/arm-none-eabi/16.1.0/../../../../arm-none-eabi/lib/thumb/libg.a(libc_a-stdio.o)
                0x0200d724                __sclose
 .text.iprintf  0x0200d734       0x28 /opt/devkitpro/devkitARM/lib/gcc/arm-none-eabi/16.1.0/../../../../arm-none-eabi/lib/thumb/libg.a(libc_a-iprintf.o)
                0x0200d734                iprintf
 .text.__malloc_lock
                0x0200d75c       0x14 /opt/devkitpro/devkitARM/lib/gcc/arm-none-eabi/16.1.0/../../../../arm-none-eabi/lib/thumb/libg.a(libc_a-mlock.o)
                0x0200d75c                __malloc_lock
 .text.__malloc_unlock
                0x0200d770       0x14 /opt/devkitpro/devkitARM/lib/gcc/arm-none-eabi/16.1.0/../../../../arm-none-eabi/lib/thumb/libg.a(libc_a-mlock.o)
                0x0200d770                __malloc_unlock
 .text._fseeko_r
                0x0200d784      0x414 /opt/devkitpro/devkitARM/lib/gcc/arm-none-eabi/16.1.0/../../../../arm-none-eabi/lib/thumb/libg.a(libc_a-fseeko.o)
                0x0200d784                _fseeko_r
 .text._fclose_r
                0x0200db98       0xe0 /opt/devkitpro/devkitARM/lib/gcc/arm-none-eabi/16.1.0/../../../../arm-none-eabi/lib/thumb/libg.a(libc_a-fclose.o)
                0x0200db98                _fclose_r
 .text.fclose   0x0200dc78       0x14 /opt/devkitpro/devkitARM/lib/gcc/arm-none-eabi/16.1.0/../../../../arm-none-eabi/lib/thumb/libg.a(libc_a-fclose.o)
                0x0200dc78                fclose
 .text.time     0x0200dc8c       0x38 /opt/devkitpro/devkitARM/lib/gcc/arm-none-eabi/16.1.0/../../../../arm-none-eabi/lib/thumb/libg.a(libc_a-time.o)
                0x0200dc8c                time
 .text.__call_exitprocs
                0x0200dcc4        0xc /opt/devkitpro/devkitARM/lib/gcc/arm-none-eabi/16.1.0/../../../../arm-none-eabi/lib/thumb/libg.a(libc_a-exit.o)
                0x0200dcc4                __call_exitprocs
 .text.__sflags
                0x0200dcd0       0x98 /opt/devkitpro/devkitARM/lib/gcc/arm-none-eabi/16.1.0/../../../../arm-none-eabi/lib/thumb/libg.a(libc_a-flags.o)
                0x0200dcd0                __sflags
 .text.__libc_fini_array
                0x0200dd68       0x30 /opt/devkitpro/devkitARM/lib/gcc/arm-none-eabi/16.1.0/../../../../arm-none-eabi/lib/thumb/libg.a(libc_a-fini.o)
                0x0200dd68                __libc_fini_array
 .text.strnlen  0x0200dd98       0x20 /opt/devkitpro/devkitARM/lib/gcc/arm-none-eabi/16.1.0/../../../../arm-none-eabi/lib/thumb/libg.a(libc_a-strnlen.o)
                0x0200dd98                strnlen
 .text.gmtime_r
                0x0200ddb8      0x1b4 /opt/devkitpro/devkitARM/lib/gcc/arm-none-eabi/16.1.0/../../../../arm-none-eabi/lib/thumb/libg.a(libc_a-gmtime_r.o)
                0x0200ddb8                gmtime_r
 .text.get_arg  0x0200df6c      0x404 /opt/devkitpro/devkitARM/lib/gcc/arm-none-eabi/16.1.0/../../../../arm-none-eabi/lib/thumb/libg.a(libc_a-vfiprintf.o)
 .text._vfiprintf_r
                0x0200e370     0x16d8 /opt/devkitpro/devkitARM/lib/gcc/arm-none-eabi/16.1.0/../../../../arm-none-eabi/lib/thumb/libg.a(libc_a-vfiprintf.o)
                0x0200e370                _vfiprintf_r
 .text.__sbprintf
                0x0200fa48       0x7c /opt/devkitpro/devkitARM/lib/gcc/arm-none-eabi/16.1.0/../../../../arm-none-eabi/lib/thumb/libg.a(libc_a-vfiprintf.o)
 .text._tzset_unlocked_r
                0x0200fac4      0x490 /opt/devkitpro/devkitARM/lib/gcc/arm-none-eabi/16.1.0/../../../../arm-none-eabi/lib/thumb/libg.a(libc_a-tzset_r.o)
                0x0200fac4                _tzset_unlocked_r
 .text.sprintf  0x0200ff54       0x44 /opt/devkitpro/devkitARM/lib/gcc/arm-none-eabi/16.1.0/../../../../arm-none-eabi/lib/thumb/libg.a(libc_a-sprintf.o)
                0x0200ff54                sprintf
 .text.lflush   0x0200ff98       0x24 /opt/devkitpro/devkitARM/lib/gcc/arm-none-eabi/16.1.0/../../../../arm-none-eabi/lib/thumb/libg.a(libc_a-refill.o)
 .text.__srefill_r
                0x0200ffbc      0x108 /opt/devkitpro/devkitARM/lib/gcc/arm-none-eabi/16.1.0/../../../../arm-none-eabi/lib/thumb/libg.a(libc_a-refill.o)
                0x0200ffbc                __srefill_r
 .text.strlen   0x020100c4       0x60 /opt/devkitpro/devkitARM/lib/gcc/arm-none-eabi/16.1.0/../../../../arm-none-eabi/lib/thumb/libg.a(libc_a-strlen.o)
                0x020100c4                strlen
 .text._fwalk_sglue
                0x02010124       0x4c /opt/devkitpro/devkitARM/lib/gcc/arm-none-eabi/16.1.0/../../../../arm-none-eabi/lib/thumb/libg.a(libc_a-fwalk.o)
                0x02010124                _fwalk_sglue
 .text.div      0x02010170       0x18 /opt/devkitpro/devkitARM/lib/gcc/arm-none-eabi/16.1.0/../../../../arm-none-eabi/lib/thumb/libg.a(libc_a-div.o)
                0x02010170                div
 .text._wcrtomb_r
                0x02010188       0x88 /opt/devkitpro/devkitARM/lib/gcc/arm-none-eabi/16.1.0/../../../../arm-none-eabi/lib/thumb/libg.a(libc_a-wcrtomb.o)
                0x02010188                _wcrtomb_r
 .text._strtoul_l.isra.0
                0x02010210      0x150 /opt/devkitpro/devkitARM/lib/gcc/arm-none-eabi/16.1.0/../../../../arm-none-eabi/lib/thumb/libg.a(libc_a-strtoul.o)
 .text._strtoul_r
                0x02010360       0x20 /opt/devkitpro/devkitARM/lib/gcc/arm-none-eabi/16.1.0/../../../../arm-none-eabi/lib/thumb/libg.a(libc_a-strtoul.o)
                0x02010360                _strtoul_r
 .text.strtoul  0x02010380       0x24 /opt/devkitpro/devkitARM/lib/gcc/arm-none-eabi/16.1.0/../../../../arm-none-eabi/lib/thumb/libg.a(libc_a-strtoul.o)
                0x02010380                strtoul
 .text.__ssprint_r
                0x020103a4       0x60 /opt/devkitpro/devkitARM/lib/gcc/arm-none-eabi/16.1.0/../../../../arm-none-eabi/lib/thumb/libg.a(libc_a-ssprint_r.o)
                0x020103a4                __ssprint_r
 .text.__sfvwrite_r
                0x02010404      0x31c /opt/devkitpro/devkitARM/lib/gcc/arm-none-eabi/16.1.0/../../../../arm-none-eabi/lib/thumb/libg.a(libc_a-fvwrite.o)
                0x02010404                __sfvwrite_r
 .text.__tz_lock
                0x02010720       0x14 /opt/devkitpro/devkitARM/lib/gcc/arm-none-eabi/16.1.0/../../../../arm-none-eabi/lib/thumb/libg.a(libc_a-tzlock.o)
                0x02010720                __tz_lock
 .text.__tz_unlock
                0x02010734       0x14 /opt/devkitpro/devkitARM/lib/gcc/arm-none-eabi/16.1.0/../../../../arm-none-eabi/lib/thumb/libg.a(libc_a-tzlock.o)
                0x02010734                __tz_unlock
 .text.strcpy   0x02010748       0x10 /opt/devkitpro/devkitARM/lib/gcc/arm-none-eabi/16.1.0/../../../../arm-none-eabi/lib/thumb/libg.a(libc_a-strcpy.o)
                0x02010748                strcpy
 .text.__locale_mb_cur_max
                0x02010758       0x20 /opt/devkitpro/devkitARM/lib/gcc/arm-none-eabi/16.1.0/../../../../arm-none-eabi/lib/thumb/libg.a(libc_a-locale.o)
                0x02010758                __locale_mb_cur_max
 .text.__sprint_r
                0x02010778       0x24 /opt/devkitpro/devkitARM/lib/gcc/arm-none-eabi/16.1.0/../../../../arm-none-eabi/lib/thumb/libg.a(libc_a-sprint_r.o)
                0x02010778                __sprint_r
 .text.get_arg  0x0201079c       0x3e /opt/devkitpro/devkitARM/lib/gcc/arm-none-eabi/16.1.0/../../../../arm-none-eabi/lib/thumb/libg.a(libc_a-vfscanf.o)
 *fill*         0x020107da        0x2 ff
 .text.__svfscanf_r
                0x020107dc     0x1fd8 /opt/devkitpro/devkitARM/lib/gcc/arm-none-eabi/16.1.0/../../../../arm-none-eabi/lib/thumb/libg.a(libc_a-vfscanf.o)
                0x020107dc                __svfscanf_r
 .text._vfscanf_r
                0x020127b4       0x2a /opt/devkitpro/devkitARM/lib/gcc/arm-none-eabi/16.1.0/../../../../arm-none-eabi/lib/thumb/libg.a(libc_a-vfscanf.o)
                0x020127b4                _vfscanf_r
 .text.get_arg  0x020127de       0x3e /opt/devkitpro/devkitARM/lib/gcc/arm-none-eabi/16.1.0/../../../../arm-none-eabi/lib/thumb/libg.a(libc_a-svfiscanf.o)
 .text._sungetc_r
                0x0201281c       0x7e /opt/devkitpro/devkitARM/lib/gcc/arm-none-eabi/16.1.0/../../../../arm-none-eabi/lib/thumb/libg.a(libc_a-svfiscanf.o)
                0x0201281c                _sungetc_r
 .text.__ssrefill_r
                0x0201289a       0x42 /opt/devkitpro/devkitARM/lib/gcc/arm-none-eabi/16.1.0/../../../../arm-none-eabi/lib/thumb/libg.a(libc_a-svfiscanf.o)
                0x0201289a                __ssrefill_r
 .text._sfread_r
                0x020128dc       0x88 /opt/devkitpro/devkitARM/lib/gcc/arm-none-eabi/16.1.0/../../../../arm-none-eabi/lib/thumb/libg.a(libc_a-svfiscanf.o)
                0x020128dc                _sfread_r
 .text.__ssvfiscanf_r
                0x02012964     0x19d8 /opt/devkitpro/devkitARM/lib/gcc/arm-none-eabi/16.1.0/../../../../arm-none-eabi/lib/thumb/libg.a(libc_a-svfiscanf.o)
                0x02012964                __ssvfiscanf_r
 .text._strtol_l.part.0
                0x0201433c      0x25c /opt/devkitpro/devkitARM/lib/gcc/arm-none-eabi/16.1.0/../../../../arm-none-eabi/lib/thumb/libg.a(libc_a-strtol.o)
 .text._strtol_r
                0x02014598       0x34 /opt/devkitpro/devkitARM/lib/gcc/arm-none-eabi/16.1.0/../../../../arm-none-eabi/lib/thumb/libg.a(libc_a-strtol.o)
                0x02014598                _strtol_r
 .text.strncpy  0x020145cc       0x68 /opt/devkitpro/devkitARM/lib/gcc/arm-none-eabi/16.1.0/../../../../arm-none-eabi/lib/thumb/libg.a(libc_a-strncpy.o)
                0x020145cc                strncpy
 .text.memchr   0x02014634       0x74 /opt/devkitpro/devkitARM/lib/gcc/arm-none-eabi/16.1.0/../../../../arm-none-eabi/lib/thumb/libg.a(libc_a-memchr-stub.o)
                0x02014634                memchr
 .text._wcsrtombs_r
                0x020146a8       0x20 /opt/devkitpro/devkitARM/lib/gcc/arm-none-eabi/16.1.0/../../../../arm-none-eabi/lib/thumb/libg.a(libc_a-wcsrtombs.o)
                0x020146a8                _wcsrtombs_r
 .text.__swsetup_r
                0x020146c8       0xd4 /opt/devkitpro/devkitARM/lib/gcc/arm-none-eabi/16.1.0/../../../../arm-none-eabi/lib/thumb/libg.a(libc_a-wsetup.o)
                0x020146c8                __swsetup_r
 .text._findenv_r
                0x0201479c       0x94 /opt/devkitpro/devkitARM/lib/gcc/arm-none-eabi/16.1.0/../../../../arm-none-eabi/lib/thumb/libg.a(libc_a-getenv_r.o)
                0x0201479c                _findenv_r
 .text._getenv_r
                0x02014830       0x10 /opt/devkitpro/devkitARM/lib/gcc/arm-none-eabi/16.1.0/../../../../arm-none-eabi/lib/thumb/libg.a(libc_a-getenv_r.o)
                0x02014830                _getenv_r
 .text._localeconv_r
                0x02014840       0x20 /opt/devkitpro/devkitARM/lib/gcc/arm-none-eabi/16.1.0/../../../../arm-none-eabi/lib/thumb/libg.a(libc_a-localeconv.o)
                0x02014840                _localeconv_r
 .text.memmove  0x02014860      0x108 /opt/devkitpro/devkitARM/lib/gcc/arm-none-eabi/16.1.0/../../../../arm-none-eabi/lib/thumb/libg.a(libc_a-memmove.o)
                0x02014860                memmove
 .text._realloc_r
                0x02014968      0x344 /opt/devkitpro/devkitARM/lib/gcc/arm-none-eabi/16.1.0/../../../../arm-none-eabi/lib/thumb/libg.a(libc_a-reallocr.o)
                0x02014968                _realloc_r
 .text.get_arg  0x02014cac      0x404 /opt/devkitpro/devkitARM/lib/gcc/arm-none-eabi/16.1.0/../../../../arm-none-eabi/lib/thumb/libg.a(libc_a-svfprintf.o)
 .text._svfprintf_r
                0x020150b0     0x22e0 /opt/devkitpro/devkitARM/lib/gcc/arm-none-eabi/16.1.0/../../../../arm-none-eabi/lib/thumb/libg.a(libc_a-svfprintf.o)
                0x020150b0                _svfprintf_r
 .text.__ssputs_r
                0x02017390       0xd4 /opt/devkitpro/devkitARM/lib/gcc/arm-none-eabi/16.1.0/../../../../arm-none-eabi/lib/thumb/libg.a(libc_a-ssputs_r.o)
                0x02017390                __ssputs_r
 .text.__utf8_wctomb
                0x02017464       0xbc /opt/devkitpro/devkitARM/lib/gcc/arm-none-eabi/16.1.0/../../../../arm-none-eabi/lib/thumb/libg.a(libc_a-wctomb_r.o)
                0x02017464                __utf8_wctomb
 .text.strncmp  0x02017520       0x70 /opt/devkitpro/devkitARM/lib/gcc/arm-none-eabi/16.1.0/../../../../arm-none-eabi/lib/thumb/libg.a(libc_a-strncmp.o)
                0x02017520                strncmp
 .text._wcsnrtombs_l
                0x02017590      0x120 /opt/devkitpro/devkitARM/lib/gcc/arm-none-eabi/16.1.0/../../../../arm-none-eabi/lib/thumb/libg.a(libc_a-wcsnrtombs.o)
                0x02017590                _wcsnrtombs_l
 .text._wcsnrtombs_r
                0x020176b0       0x40 /opt/devkitpro/devkitARM/lib/gcc/arm-none-eabi/16.1.0/../../../../arm-none-eabi/lib/thumb/libg.a(libc_a-wcsnrtombs.o)
                0x020176b0                _wcsnrtombs_r
 .text.nanf     0x020176f0        0x8 /opt/devkitpro/devkitARM/lib/gcc/arm-none-eabi/16.1.0/../../../../arm-none-eabi/lib/thumb/libg.a(libm_a-sf_nan.o)
                0x020176f0                nanf
 .text.frexp    0x020176f8       0x74 /opt/devkitpro/devkitARM/lib/gcc/arm-none-eabi/16.1.0/../../../../arm-none-eabi/lib/thumb/libg.a(libm_a-s_frexp.o)
                0x020176f8                frexp
 .text.stpncpy  0x0201776c       0x74 /opt/devkitpro/devkitARM/lib/gcc/arm-none-eabi/16.1.0/../../../../arm-none-eabi/lib/thumb/libg.a(libc_a-stpncpy.o)
                0x0201776c                stpncpy
 .text.__env_lock
                0x020177e0       0x14 /opt/devkitpro/devkitARM/lib/gcc/arm-none-eabi/16.1.0/../../../../arm-none-eabi/lib/thumb/libg.a(libc_a-envlock.o)
                0x020177e0                __env_lock
 .text.__env_unlock
                0x020177f4       0x14 /opt/devkitpro/devkitARM/lib/gcc/arm-none-eabi/16.1.0/../../../../arm-none-eabi/lib/thumb/libg.a(libc_a-envlock.o)
                0x020177f4                __env_unlock
 .text.iswspace
                0x02017808       0x10 /opt/devkitpro/devkitARM/lib/gcc/arm-none-eabi/16.1.0/../../../../arm-none-eabi/lib/thumb/libg.a(libc_a-iswspace.o)
                0x02017808                iswspace
 .text.sulp     0x02017818       0x34 /opt/devkitpro/devkitARM/lib/gcc/arm-none-eabi/16.1.0/../../../../arm-none-eabi/lib/thumb/libg.a(libc_a-strtod.o)
 .text._strtod_l
                0x0201784c      0xf7c /opt/devkitpro/devkitARM/lib/gcc/arm-none-eabi/16.1.0/../../../../arm-none-eabi/lib/thumb/libg.a(libc_a-strtod.o)
                0x0201784c                _strtod_l
 .text._strtod_r
                0x020187c8       0x2c /opt/devkitpro/devkitARM/lib/gcc/arm-none-eabi/16.1.0/../../../../arm-none-eabi/lib/thumb/libg.a(libc_a-strtod.o)
                0x020187c8                _strtod_r
 .text._strtoull_l.isra.0
                0x020187f4      0x1c0 /opt/devkitpro/devkitARM/lib/gcc/arm-none-eabi/16.1.0/../../../../arm-none-eabi/lib/thumb/libg.a(libc_a-strtoull.o)
 .text._strtoull_r
                0x020189b4       0x20 /opt/devkitpro/devkitARM/lib/gcc/arm-none-eabi/16.1.0/../../../../arm-none-eabi/lib/thumb/libg.a(libc_a-strtoull.o)
                0x020189b4                _strtoull_r
 .text.rshift   0x020189d4       0xac /opt/devkitpro/devkitARM/lib/gcc/arm-none-eabi/16.1.0/../../../../arm-none-eabi/lib/thumb/libg.a(libc_a-gdtoa-gethex.o)
 .text.__gethex
                0x02018a80      0x60c /opt/devkitpro/devkitARM/lib/gcc/arm-none-eabi/16.1.0/../../../../arm-none-eabi/lib/thumb/libg.a(libc_a-gdtoa-gethex.o)
                0x02018a80                __gethex
 .text.__submore
                0x0201908c       0x7c /opt/devkitpro/devkitARM/lib/gcc/arm-none-eabi/16.1.0/../../../../arm-none-eabi/lib/thumb/libg.a(libc_a-ungetc.o)
                0x0201908c                __submore
 .text._ungetc_r
                0x02019108      0x140 /opt/devkitpro/devkitARM/lib/gcc/arm-none-eabi/16.1.0/../../../../arm-none-eabi/lib/thumb/libg.a(libc_a-ungetc.o)
                0x02019108                _ungetc_r
 .text.__utf8_mbtowc
                0x02019248      0x24c /opt/devkitpro/devkitARM/lib/gcc/arm-none-eabi/16.1.0/../../../../arm-none-eabi/lib/thumb/libg.a(libc_a-mbtowc_r.o)
                0x02019248                __utf8_mbtowc
 .text._mbrtowc_r
                0x02019494       0x9c /opt/devkitpro/devkitARM/lib/gcc/arm-none-eabi/16.1.0/../../../../arm-none-eabi/lib/thumb/libg.a(libc_a-mbrtowc.o)
                0x02019494                _mbrtowc_r
 .text.__sccl   0x02019530       0xb0 /opt/devkitpro/devkitARM/lib/gcc/arm-none-eabi/16.1.0/../../../../arm-none-eabi/lib/thumb/libg.a(libc_a-sccl.o)
                0x02019530                __sccl
 .text._strtoll_l.isra.0
                0x020195e0      0x300 /opt/devkitpro/devkitARM/lib/gcc/arm-none-eabi/16.1.0/../../../../arm-none-eabi/lib/thumb/libg.a(libc_a-strtoll.o)
 .text._strtoll_r
                0x020198e0       0x20 /opt/devkitpro/devkitARM/lib/gcc/arm-none-eabi/16.1.0/../../../../arm-none-eabi/lib/thumb/libg.a(libc_a-strtoll.o)
                0x020198e0                _strtoll_r
 .text.realloc  0x02019900       0x18 /opt/devkitpro/devkitARM/lib/gcc/arm-none-eabi/16.1.0/../../../../arm-none-eabi/lib/thumb/libg.a(libc_a-realloc.o)
                0x02019900                realloc
 .text.quorem   0x02019918      0x160 /opt/devkitpro/devkitARM/lib/gcc/arm-none-eabi/16.1.0/../../../../arm-none-eabi/lib/thumb/libg.a(libc_a-dtoa.o)
 .text._dtoa_r  0x02019a78     0x10a0 /opt/devkitpro/devkitARM/lib/gcc/arm-none-eabi/16.1.0/../../../../arm-none-eabi/lib/thumb/libg.a(libc_a-dtoa.o)
                0x02019a78                _dtoa_r
 .text.iswspace_l
                0x0201ab18       0x28 /opt/devkitpro/devkitARM/lib/gcc/arm-none-eabi/16.1.0/../../../../arm-none-eabi/lib/thumb/libg.a(libc_a-iswspace_l.o)
                0x0201ab18                iswspace_l
 .text.__match  0x0201ab40       0x38 /opt/devkitpro/devkitARM/lib/gcc/arm-none-eabi/16.1.0/../../../../arm-none-eabi/lib/thumb/libg.a(libc_a-gdtoa-hexnan.o)
                0x0201ab40                __match
 .text.__hexnan
                0x0201ab78      0x1e8 /opt/devkitpro/devkitARM/lib/gcc/arm-none-eabi/16.1.0/../../../../arm-none-eabi/lib/thumb/libg.a(libc_a-gdtoa-hexnan.o)
                0x0201ab78                __hexnan
 .text.nan      0x0201ad60        0xc /opt/devkitpro/devkitARM/lib/gcc/arm-none-eabi/16.1.0/../../../../arm-none-eabi/lib/thumb/libg.a(libm_a-s_nan.o)
                0x0201ad60                nan
 .text.__assert_func
                0x0201ad6c       0x40 /opt/devkitpro/devkitARM/lib/gcc/arm-none-eabi/16.1.0/../../../../arm-none-eabi/lib/thumb/libg.a(libc_a-assert.o)
                0x0201ad6c                __assert_func
 .text._Balloc  0x0201adac       0x5c /opt/devkitpro/devkitARM/lib/gcc/arm-none-eabi/16.1.0/../../../../arm-none-eabi/lib/thumb/libg.a(libc_a-mprec.o)
                0x0201adac                _Balloc
 .text._Bfree   0x0201ae08       0x14 /opt/devkitpro/devkitARM/lib/gcc/arm-none-eabi/16.1.0/../../../../arm-none-eabi/lib/thumb/libg.a(libc_a-mprec.o)
                0x0201ae08                _Bfree
 .text.__multadd
                0x0201ae1c       0xa8 /opt/devkitpro/devkitARM/lib/gcc/arm-none-eabi/16.1.0/../../../../arm-none-eabi/lib/thumb/libg.a(libc_a-mprec.o)
                0x0201ae1c                __multadd
 .text.__s2b    0x0201aec4       0xb4 /opt/devkitpro/devkitARM/lib/gcc/arm-none-eabi/16.1.0/../../../../arm-none-eabi/lib/thumb/libg.a(libc_a-mprec.o)
                0x0201aec4                __s2b
 .text.__hi0bits
                0x0201af78       0x60 /opt/devkitpro/devkitARM/lib/gcc/arm-none-eabi/16.1.0/../../../../arm-none-eabi/lib/thumb/libg.a(libc_a-mprec.o)
                0x0201af78                __hi0bits
 .text.__lo0bits
                0x0201afd8       0x8c /opt/devkitpro/devkitARM/lib/gcc/arm-none-eabi/16.1.0/../../../../arm-none-eabi/lib/thumb/libg.a(libc_a-mprec.o)
                0x0201afd8                __lo0bits
 .text.__i2b    0x0201b064       0x64 /opt/devkitpro/devkitARM/lib/gcc/arm-none-eabi/16.1.0/../../../../arm-none-eabi/lib/thumb/libg.a(libc_a-mprec.o)
                0x0201b064                __i2b
 .text.__multiply
                0x0201b0c8      0x1b4 /opt/devkitpro/devkitARM/lib/gcc/arm-none-eabi/16.1.0/../../../../arm-none-eabi/lib/thumb/libg.a(libc_a-mprec.o)
                0x0201b0c8                __multiply
 .text.__pow5mult
                0x0201b27c       0xd8 /opt/devkitpro/devkitARM/lib/gcc/arm-none-eabi/16.1.0/../../../../arm-none-eabi/lib/thumb/libg.a(libc_a-mprec.o)
                0x0201b27c                __pow5mult
 .text.__lshift
                0x0201b354       0xf8 /opt/devkitpro/devkitARM/lib/gcc/arm-none-eabi/16.1.0/../../../../arm-none-eabi/lib/thumb/libg.a(libc_a-mprec.o)
                0x0201b354                __lshift
 .text.__mcmp   0x0201b44c       0x50 /opt/devkitpro/devkitARM/lib/gcc/arm-none-eabi/16.1.0/../../../../arm-none-eabi/lib/thumb/libg.a(libc_a-mprec.o)
                0x0201b44c                __mcmp
 .text.__mdiff  0x0201b49c      0x1a4 /opt/devkitpro/devkitARM/lib/gcc/arm-none-eabi/16.1.0/../../../../arm-none-eabi/lib/thumb/libg.a(libc_a-mprec.o)
                0x0201b49c                __mdiff
 .text.__ulp    0x0201b640       0x40 /opt/devkitpro/devkitARM/lib/gcc/arm-none-eabi/16.1.0/../../../../arm-none-eabi/lib/thumb/libg.a(libc_a-mprec.o)
                0x0201b640                __ulp
 .text.__b2d    0x0201b680       0xc8 /opt/devkitpro/devkitARM/lib/gcc/arm-none-eabi/16.1.0/../../../../arm-none-eabi/lib/thumb/libg.a(libc_a-mprec.o)
                0x0201b680                __b2d
 .text.__d2b    0x0201b748       0xd4 /opt/devkitpro/devkitARM/lib/gcc/arm-none-eabi/16.1.0/../../../../arm-none-eabi/lib/thumb/libg.a(libc_a-mprec.o)
                0x0201b748                __d2b
 .text.__ratio  0x0201b81c       0x60 /opt/devkitpro/devkitARM/lib/gcc/arm-none-eabi/16.1.0/../../../../arm-none-eabi/lib/thumb/libg.a(libc_a-mprec.o)
                0x0201b81c                __ratio
 .text.__copybits
                0x0201b87c       0x48 /opt/devkitpro/devkitARM/lib/gcc/arm-none-eabi/16.1.0/../../../../arm-none-eabi/lib/thumb/libg.a(libc_a-mprec.o)
                0x0201b87c                __copybits
 .text.__any_on
                0x0201b8c4       0x54 /opt/devkitpro/devkitARM/lib/gcc/arm-none-eabi/16.1.0/../../../../arm-none-eabi/lib/thumb/libg.a(libc_a-mprec.o)
                0x0201b8c4                __any_on
 .text.fiprintf
                0x0201b918       0x28 /opt/devkitpro/devkitARM/lib/gcc/arm-none-eabi/16.1.0/../../../../arm-none-eabi/lib/thumb/libg.a(libc_a-fiprintf.o)
                0x0201b918                fiprintf
 .text.abort    0x0201b940       0x10 /opt/devkitpro/devkitARM/lib/gcc/arm-none-eabi/16.1.0/../../../../arm-none-eabi/lib/thumb/libg.a(libc_a-abort.o)
                0x0201b940                abort
 .text.category
                0x0201b950       0x5c /opt/devkitpro/devkitARM/lib/gcc/arm-none-eabi/16.1.0/../../../../arm-none-eabi/lib/thumb/libg.a(libc_a-categories.o)
                0x0201b950                category
 .text._raise_r
                0x0201b9ac       0x60 /opt/devkitpro/devkitARM/lib/gcc/arm-none-eabi/16.1.0/../../../../arm-none-eabi/lib/thumb/libg.a(libc_a-signal.o)
                0x0201b9ac                _raise_r
 .text.raise    0x0201ba0c       0x14 /opt/devkitpro/devkitARM/lib/gcc/arm-none-eabi/16.1.0/../../../../arm-none-eabi/lib/thumb/libg.a(libc_a-signal.o)
                0x0201ba0c                raise
 .text._exit    0x0201ba20       0x14 /opt/devkitpro/devkitARM/lib/gcc/arm-none-eabi/16.1.0/../../../../arm-none-eabi/lib/thumb/libsysbase.a(libsysbase_libsysbase_a-_exit.o)
                0x0201ba20                _exit
 .text.chdir    0x0201ba34       0xe4 /opt/devkitpro/devkitARM/lib/gcc/arm-none-eabi/16.1.0/../../../../arm-none-eabi/lib/thumb/libsysbase.a(libsysbase_libsysbase_a-chdir.o)
                0x0201ba34                chdir
 .text._concatenate_path
                0x0201bb18      0x134 /opt/devkitpro/devkitARM/lib/gcc/arm-none-eabi/16.1.0/../../../../arm-none-eabi/lib/thumb/libsysbase.a(libsysbase_libsysbase_a-concatenate.o)
                0x0201bb18                _concatenate_path
 .text.__dirnext
                0x0201bc4c       0x4c /opt/devkitpro/devkitARM/lib/gcc/arm-none-eabi/16.1.0/../../../../arm-none-eabi/lib/thumb/libsysbase.a(libsysbase_libsysbase_a-dirent.o)
 .text.opendir  0x0201bc98       0xc0 /opt/devkitpro/devkitARM/lib/gcc/arm-none-eabi/16.1.0/../../../../arm-none-eabi/lib/thumb/libsysbase.a(libsysbase_libsysbase_a-dirent.o)
                0x0201bc98                opendir
 .text.closedir
                0x0201bd58       0x70 /opt/devkitpro/devkitARM/lib/gcc/arm-none-eabi/16.1.0/../../../../arm-none-eabi/lib/thumb/libsysbase.a(libsysbase_libsysbase_a-dirent.o)
                0x0201bd58                closedir
 .text.readdir_r
                0x0201bdc8       0x8c /opt/devkitpro/devkitARM/lib/gcc/arm-none-eabi/16.1.0/../../../../arm-none-eabi/lib/thumb/libsysbase.a(libsysbase_libsysbase_a-dirent.o)
                0x0201bdc8                readdir_r
 .text.readdir  0x0201be54       0x28 /opt/devkitpro/devkitARM/lib/gcc/arm-none-eabi/16.1.0/../../../../arm-none-eabi/lib/thumb/libsysbase.a(libsysbase_libsysbase_a-dirent.o)
                0x0201be54                readdir
 .text._fstat_r
                0x0201be7c       0x5c /opt/devkitpro/devkitARM/lib/gcc/arm-none-eabi/16.1.0/../../../../arm-none-eabi/lib/thumb/libsysbase.a(libsysbase_libsysbase_a-fstat.o)
                0x0201be7c                _fstat_r
 .text._getpid_r
                0x0201bed8        0xc /opt/devkitpro/devkitARM/lib/gcc/arm-none-eabi/16.1.0/../../../../arm-none-eabi/lib/thumb/libsysbase.a(libsysbase_libsysbase_a-getpid.o)
                0x0201bed8                _getpid_r
 .text.__getreent
                0x0201bee4       0x20 /opt/devkitpro/devkitARM/lib/gcc/arm-none-eabi/16.1.0/../../../../arm-none-eabi/lib/thumb/libsysbase.a(libsysbase_libsysbase_a-getreent.o)
                0x0201bee4                __getreent
 .text._gettimeofday_r
                0x0201bf04       0x20 /opt/devkitpro/devkitARM/lib/gcc/arm-none-eabi/16.1.0/../../../../arm-none-eabi/lib/thumb/libsysbase.a(libsysbase_libsysbase_a-gettod.o)
                0x0201bf04                _gettimeofday_r
 .text.__release_handle
                0x0201bf24       0x6c /opt/devkitpro/devkitARM/lib/gcc/arm-none-eabi/16.1.0/../../../../arm-none-eabi/lib/thumb/libsysbase.a(libsysbase_libsysbase_a-handle_manager.o)
                0x0201bf24                __release_handle
 .text.__alloc_handle
                0x0201bf90       0x7c /opt/devkitpro/devkitARM/lib/gcc/arm-none-eabi/16.1.0/../../../../arm-none-eabi/lib/thumb/libsysbase.a(libsysbase_libsysbase_a-handle_manager.o)
                0x0201bf90                __alloc_handle
 .text.__get_handle
                0x0201c00c       0x34 /opt/devkitpro/devkitARM/lib/gcc/arm-none-eabi/16.1.0/../../../../arm-none-eabi/lib/thumb/libsysbase.a(libsysbase_libsysbase_a-handle_manager.o)
                0x0201c00c                __get_handle
 .text._close_r
                0x0201c040       0xb0 /opt/devkitpro/devkitARM/lib/gcc/arm-none-eabi/16.1.0/../../../../arm-none-eabi/lib/thumb/libsysbase.a(libsysbase_libsysbase_a-handle_manager.o)
                0x0201c040                _close_r
 .text.null_write
                0x0201c0f0        0x4 /opt/devkitpro/devkitARM/lib/gcc/arm-none-eabi/16.1.0/../../../../arm-none-eabi/lib/thumb/libsysbase.a(libsysbase_libsysbase_a-iosupport.o)
 .text.setDefaultDevice
                0x0201c0f4       0x10 /opt/devkitpro/devkitARM/lib/gcc/arm-none-eabi/16.1.0/../../../../arm-none-eabi/lib/thumb/libsysbase.a(libsysbase_libsysbase_a-iosupport.o)
                0x0201c0f4                setDefaultDevice
 .text.FindDevice
                0x0201c104       0x64 /opt/devkitpro/devkitARM/lib/gcc/arm-none-eabi/16.1.0/../../../../arm-none-eabi/lib/thumb/libsysbase.a(libsysbase_libsysbase_a-iosupport.o)
                0x0201c104                FindDevice
 .text.AddDevice
                0x0201c168       0x68 /opt/devkitpro/devkitARM/lib/gcc/arm-none-eabi/16.1.0/../../../../arm-none-eabi/lib/thumb/libsysbase.a(libsysbase_libsysbase_a-iosupport.o)
                0x0201c168                AddDevice
 .text.GetDeviceOpTab
                0x0201c1d0       0x20 /opt/devkitpro/devkitARM/lib/gcc/arm-none-eabi/16.1.0/../../../../arm-none-eabi/lib/thumb/libsysbase.a(libsysbase_libsysbase_a-iosupport.o)
                0x0201c1d0                GetDeviceOpTab
 .text._isatty_r
                0x0201c1f0        0x4 /opt/devkitpro/devkitARM/lib/gcc/arm-none-eabi/16.1.0/../../../../arm-none-eabi/lib/thumb/libsysbase.a(libsysbase_libsysbase_a-isatty.o)
                0x0201c1f0                _isatty_r
 .text._kill_r  0x0201c1f4        0xc /opt/devkitpro/devkitARM/lib/gcc/arm-none-eabi/16.1.0/../../../../arm-none-eabi/lib/thumb/libsysbase.a(libsysbase_libsysbase_a-kill.o)
                0x0201c1f4                _kill_r
 .text._lseek_r
                0x0201c200       0x64 /opt/devkitpro/devkitARM/lib/gcc/arm-none-eabi/16.1.0/../../../../arm-none-eabi/lib/thumb/libsysbase.a(libsysbase_libsysbase_a-lseek.o)
                0x0201c200                _lseek_r
 .text._open_r  0x0201c264       0x8c /opt/devkitpro/devkitARM/lib/gcc/arm-none-eabi/16.1.0/../../../../arm-none-eabi/lib/thumb/libsysbase.a(libsysbase_libsysbase_a-open.o)
                0x0201c264                _open_r
 .text._read_r  0x0201c2f0       0x5c /opt/devkitpro/devkitARM/lib/gcc/arm-none-eabi/16.1.0/../../../../arm-none-eabi/lib/thumb/libsysbase.a(libsysbase_libsysbase_a-read.o)
                0x0201c2f0                _read_r
 .text._sbrk_r  0x0201c34c       0x50 /opt/devkitpro/devkitARM/lib/gcc/arm-none-eabi/16.1.0/../../../../arm-none-eabi/lib/thumb/libsysbase.a(libsysbase_libsysbase_a-sbrk.o)
                0x0201c34c                _sbrk_r
 .text.__libc_lock_acquire
                0x0201c39c       0x18 /opt/devkitpro/devkitARM/lib/gcc/arm-none-eabi/16.1.0/../../../../arm-none-eabi/lib/thumb/libsysbase.a(libsysbase_libsysbase_a-syscall_support.o)
                0x0201c39c                __libc_lock_acquire
 .text.__libc_lock_release
                0x0201c3b4       0x18 /opt/devkitpro/devkitARM/lib/gcc/arm-none-eabi/16.1.0/../../../../arm-none-eabi/lib/thumb/libsysbase.a(libsysbase_libsysbase_a-syscall_support.o)
                0x0201c3b4                __libc_lock_release
 .text.__libc_lock_acquire_recursive
                0x0201c3cc       0x18 /opt/devkitpro/devkitARM/lib/gcc/arm-none-eabi/16.1.0/../../../../arm-none-eabi/lib/thumb/libsysbase.a(libsysbase_libsysbase_a-syscall_support.o)
                0x0201c3cc                __libc_lock_acquire_recursive
 .text.__libc_lock_release_recursive
                0x0201c3e4       0x18 /opt/devkitpro/devkitARM/lib/gcc/arm-none-eabi/16.1.0/../../../../arm-none-eabi/lib/thumb/libsysbase.a(libsysbase_libsysbase_a-syscall_support.o)
                0x0201c3e4                __libc_lock_release_recursive
 .text._write_r
                0x0201c3fc       0x5c /opt/devkitpro/devkitARM/lib/gcc/arm-none-eabi/16.1.0/../../../../arm-none-eabi/lib/thumb/libsysbase.a(libsysbase_libsysbase_a-write.o)
                0x0201c3fc                _write_r
 .text          0x0201c458       0x14 /opt/devkitpro/devkitARM/lib/gcc/arm-none-eabi/16.1.0/thumb/libgcc.a(_thumb1_case_uqi.o)
                0x0201c458                __gnu_thumb1_case_uqi
 .text          0x0201c46c       0x14 /opt/devkitpro/devkitARM/lib/gcc/arm-none-eabi/16.1.0/thumb/libgcc.a(_thumb1_case_uhi.o)
                0x0201c46c                __gnu_thumb1_case_uhi
 .text          0x0201c480      0x424 /opt/devkitpro/devkitARM/lib/gcc/arm-none-eabi/16.1.0/thumb/libgcc.a(_arm_addsubdf3.o)
                0x0201c480                __aeabi_drsub
                0x0201c488                __aeabi_dsub
                0x0201c488                __subdf3
                0x0201c48c                __adddf3
                0x0201c48c                __aeabi_dadd
                0x0201c79c                __aeabi_ui2d
                0x0201c79c                __floatunsidf
                0x0201c7c0                __floatsidf
                0x0201c7c0                __aeabi_i2d
                0x0201c7e8                __extendsfdf2
                0x0201c7e8                __aeabi_f2d
                0x0201c830                __aeabi_ul2d
                0x0201c830                __floatundidf
                0x0201c844                __floatdidf
                0x0201c844                __aeabi_l2d
 .text          0x0201c8a4      0x49c /opt/devkitpro/devkitARM/lib/gcc/arm-none-eabi/16.1.0/thumb/libgcc.a(_arm_muldivdf3.o)
                0x0201c8a4                __aeabi_dmul
                0x0201c8a4                __muldf3
                0x0201cb34                __aeabi_ddiv
                0x0201cb34                __divdf3
 .text          0x0201cd40      0x144 /opt/devkitpro/devkitARM/lib/gcc/arm-none-eabi/16.1.0/thumb/libgcc.a(_arm_cmpdf2.o)
                0x0201cd40                __gtdf2
                0x0201cd40                __gedf2
                0x0201cd48                __ltdf2
                0x0201cd48                __ledf2
                0x0201cd50                __cmpdf2
                0x0201cd50                __eqdf2
                0x0201cd50                __nedf2
                0x0201cdd8                __aeabi_cdrcmple
                0x0201cdf4                __aeabi_cdcmple
                0x0201cdf4                __aeabi_cdcmpeq
                0x0201ce0c                __aeabi_dcmpeq
                0x0201ce24                __aeabi_dcmplt
                0x0201ce3c                __aeabi_dcmple
                0x0201ce54                __aeabi_dcmpge
                0x0201ce6c                __aeabi_dcmpgt
 .text          0x0201ce84       0x38 /opt/devkitpro/devkitARM/lib/gcc/arm-none-eabi/16.1.0/thumb/libgcc.a(_arm_unorddf2.o)
                0x0201ce84                __aeabi_dcmpun
                0x0201ce84                __unorddf2
 .text          0x0201cebc       0x5c /opt/devkitpro/devkitARM/lib/gcc/arm-none-eabi/16.1.0/thumb/libgcc.a(_arm_fixdfsi.o)
                0x0201cebc                __fixdfsi
                0x0201cebc                __aeabi_d2iz
 .text          0x0201cf18       0x54 /opt/devkitpro/devkitARM/lib/gcc/arm-none-eabi/16.1.0/thumb/libgcc.a(_arm_fixunsdfsi.o)
                0x0201cf18                __fixunsdfsi
                0x0201cf18                __aeabi_d2uiz
 .text          0x0201cf6c       0xa0 /opt/devkitpro/devkitARM/lib/gcc/arm-none-eabi/16.1.0/thumb/libgcc.a(_arm_truncdfsf2.o)
                0x0201cf6c                __aeabi_d2f
                0x0201cf6c                __truncdfsf2
 .text.__muldi3
                0x0201d00c       0x58 /opt/devkitpro/devkitARM/lib/gcc/arm-none-eabi/16.1.0/thumb/libgcc.a(_muldi3.o)
                0x0201d00c                __aeabi_lmul
                0x0201d00c                __muldi3
 .text.__fixdfdi
                0x0201d064       0x3c /opt/devkitpro/devkitARM/lib/gcc/arm-none-eabi/16.1.0/thumb/libgcc.a(_fixdfdi.o)
                0x0201d064                __aeabi_d2lz
                0x0201d064                __fixdfdi
 .text.__fixunsdfdi
                0x0201d0a0       0x40 /opt/devkitpro/devkitARM/lib/gcc/arm-none-eabi/16.1.0/thumb/libgcc.a(_fixunsdfdi.o)
                0x0201d0a0                __aeabi_d2ulz
                0x0201d0a0                __fixunsdfdi
 EXCLUDE_FILE(*.twl.*) *(.glue_7t .glue_7 .vfp11_veneer .v4_bx)
 .glue_7        0x0201d0e0        0x0 linker stubs
 .glue_7t       0x0201d0e0        0x0 linker stubs
 .vfp11_veneer  0x0201d0e0        0x0 linker stubs
 .v4_bx         0x0201d0e0        0x0 linker stubs
 *(SORT_NONE(.fini))
 .fini          0x0201d0e0        0x4 /opt/devkitpro/devkitARM/lib/gcc/arm-none-eabi/16.1.0/thumb/crti.o
                0x0201d0e0                _fini
 .fini          0x0201d0e4        0x8 /opt/devkitpro/devkitARM/lib/gcc/arm-none-eabi/16.1.0/thumb/crtn.o
 *fill*         0x0201d0ec        0x4 ff
 .fini.__stub   0x0201d0f0       0x28 linker stubs
 EXCLUDE_FILE(*.twl.*) *(.rodata .rodata.* .gnu.linkonce.r.*)
 .rodata.check_mem_vett.str1.4
                0x0201d118      0x571 program.o
                                 0x1c (size before relaxing)
 .rodata.leggi_riga.str1.4
                0x0201d689        0x0 program.o
                                  0x3 (size before relaxing)
 .rodata.allena_epoca.str1.4
                0x0201d689        0x0 program.o
                                 0x3a (size before relaxing)
 .rodata.valuta.str1.4
                0x0201d689        0x0 program.o
                                 0xa1 (size before relaxing)
 .rodata.salva_pesi.str1.4
                0x0201d689        0x0 program.o
                                 0x5c (size before relaxing)
 .rodata.main.str1.4
                0x0201d689        0x0 program.o
                                 0xe4 (size before relaxing)
 .rodata.dvmInit.str1.4
                0x0201d689        0x0 /opt/devkitpro/libnds/lib/libfat.a(dvm_calico.o)
                                  0xd (size before relaxing)
 *fill*         0x0201d689        0x3 ff
 .rodata.s_dvmDiscCalicoIface
                0x0201d68c       0x10 /opt/devkitpro/libnds/lib/libfat.a(dvm_calico.o)
 .rodata.s_dvmDiscCacheIface
                0x0201d69c       0x10 /opt/devkitpro/libnds/lib/libfat.a(dvm_cache.o)
 .rodata.dvmMountVolume.str1.4
                0x0201d6ac        0x0 /opt/devkitpro/libnds/lib/libfat.a(dvm_volume.o)
                                  0xc (size before relaxing)
 .rodata._dvmIdentMbrVbr.str1.4
                0x0201d6ac        0x0 /opt/devkitpro/libnds/lib/libfat.a(dvm_prober.o)
                                 0x3d (size before relaxing)
 .rodata.fr_to_errno.0
                0x0201d6ac       0x14 /opt/devkitpro/libnds/lib/libfat.a(fat_driver.o)
 .rodata.str1.4
                0x0201d6c0        0x0 /opt/devkitpro/libnds/lib/libfat.a(fat_driver.o)
                                  0x5 (size before relaxing)
 .rodata.g_vfatFsDriver
                0x0201d6c0       0x14 /opt/devkitpro/libnds/lib/libfat.a(fat_driver.o)
                0x0201d6c0                g_vfatFsDriver
 .rodata._FAT_devoptab
                0x0201d6d4       0x80 /opt/devkitpro/libnds/lib/libfat.a(fat_driver.o)
 .rodata.follow_path.str1.4
                0x0201d754        0x0 /opt/devkitpro/libnds/lib/libfat.a(ff.o)
                                 0x13 (size before relaxing)
 .rodata.check_fs.str1.4
                0x0201d754        0x0 /opt/devkitpro/libnds/lib/libfat.a(ff.o)
                                  0x9 (size before relaxing)
 .rodata.ExCvt  0x0201d754       0x80 /opt/devkitpro/libnds/lib/libfat.a(ff.o)
 .rodata.LfnOfs
                0x0201d7d4        0xd /opt/devkitpro/libnds/lib/libfat.a(ff.o)
 .rodata.ff_wtoupper
                0x0201d7e1        0x9 /opt/devkitpro/libnds/lib/libfat.a(ffunicode.o)
 *fill*         0x0201d7ea        0x2 ff
 .rodata.cvt2.0
                0x0201d7ec       0xbc /opt/devkitpro/libnds/lib/libfat.a(ffunicode.o)
 .rodata.cvt1.1
                0x0201d8a8      0x1f2 /opt/devkitpro/libnds/lib/libfat.a(ffunicode.o)
 *fill*         0x0201da9a        0x6 ff
 .rodata.uc437  0x0201daa0      0x100 /opt/devkitpro/libnds/lib/libfat.a(ffunicode.o)
 .rodata.con_write.str1.4
                0x0201dba0        0x0 /opt/devkitpro/libnds/lib/libnds9.a(console.o)
                                 0x30 (size before relaxing)
 .rodata.con_write
                0x0201dba0       0xd4 /opt/devkitpro/libnds/lib/libnds9.a(console.o)
 .rodata.str1.4
                0x0201dc74        0x0 /opt/devkitpro/libnds/lib/libnds9.a(console.o)
                                 0x14 (size before relaxing)
 .rodata.dotab_stdout
                0x0201dc74       0x80 /opt/devkitpro/libnds/lib/libnds9.a(console.o)
 .rodata.default_font_bin
                0x0201dcf4      0x800 /opt/devkitpro/libnds/lib/libnds9.a(default_font.bin.o)
                0x0201dcf4                default_font_bin
                0x0201e4f4                default_font_bin_end
 .rodata.SIN_LUT
                0x0201e4f4      0x102 /opt/devkitpro/libnds/lib/libnds9.a(trig.o)
                0x0201e4f4                SIN_LUT
 *fill*         0x0201e5f6        0x2 ff
 .rodata._DAYS_BEFORE_MONTH
                0x0201e5f8       0x30 /opt/devkitpro/devkitARM/lib/gcc/arm-none-eabi/16.1.0/../../../../arm-none-eabi/lib/thumb/libg.a(libc_a-mktime.o)
 .rodata.DAYS_IN_MONTH
                0x0201e628       0x30 /opt/devkitpro/devkitARM/lib/gcc/arm-none-eabi/16.1.0/../../../../arm-none-eabi/lib/thumb/libg.a(libc_a-mktime.o)
 .rodata._vfiprintf_r.str1.1
                0x0201e658       0x40 /opt/devkitpro/devkitARM/lib/gcc/arm-none-eabi/16.1.0/../../../../arm-none-eabi/lib/thumb/libg.a(libc_a-vfiprintf.o)
                                 0x29 (size before relaxing)
 .rodata.zeroes.0
                0x0201e698       0x10 /opt/devkitpro/devkitARM/lib/gcc/arm-none-eabi/16.1.0/../../../../arm-none-eabi/lib/thumb/libg.a(libc_a-vfiprintf.o)
 .rodata.blanks.1
                0x0201e6a8       0x10 /opt/devkitpro/devkitARM/lib/gcc/arm-none-eabi/16.1.0/../../../../arm-none-eabi/lib/thumb/libg.a(libc_a-vfiprintf.o)
 .rodata._tzset_unlocked_r.str1.4
                0x0201e6b8        0x0 /opt/devkitpro/devkitARM/lib/gcc/arm-none-eabi/16.1.0/../../../../arm-none-eabi/lib/thumb/libg.a(libc_a-tzset_r.o)
                                 0x6b (size before relaxing)
 .rodata.__month_lengths
                0x0201e6b8       0x60 /opt/devkitpro/devkitARM/lib/gcc/arm-none-eabi/16.1.0/../../../../arm-none-eabi/lib/thumb/libg.a(libc_a-month_lengths.o)
                0x0201e6b8                __month_lengths
 .rodata.str1.4
                0x0201e718        0x0 /opt/devkitpro/devkitARM/lib/gcc/arm-none-eabi/16.1.0/../../../../arm-none-eabi/lib/thumb/libg.a(libc_a-tzvars.o)
                                  0x4 (size before relaxing)
 .rodata.__action_table
                0x0201e718       0x6c /opt/devkitpro/devkitARM/lib/gcc/arm-none-eabi/16.1.0/../../../../arm-none-eabi/lib/thumb/libg.a(libc_a-svfiprintf.o)
                0x0201e718                __action_table
 .rodata.__state_table
                0x0201e784       0x6c /opt/devkitpro/devkitARM/lib/gcc/arm-none-eabi/16.1.0/../../../../arm-none-eabi/lib/thumb/libg.a(libc_a-svfiprintf.o)
                0x0201e784                __state_table
 .rodata.__chclass
                0x0201e7f0      0x100 /opt/devkitpro/devkitARM/lib/gcc/arm-none-eabi/16.1.0/../../../../arm-none-eabi/lib/thumb/libg.a(libc_a-svfiprintf.o)
                0x0201e7f0                __chclass
 .rodata.str1.4
                0x0201e8f0        0x0 /opt/devkitpro/devkitARM/lib/gcc/arm-none-eabi/16.1.0/../../../../arm-none-eabi/lib/thumb/libg.a(libc_a-locale.o)
                                 0x4c (size before relaxing)
 .rodata.__svfscanf_r.str1.1
                0x0201e8f0        0x0 /opt/devkitpro/devkitARM/lib/gcc/arm-none-eabi/16.1.0/../../../../arm-none-eabi/lib/thumb/libg.a(libc_a-vfscanf.o)
                                  0x6 (size before relaxing)
 .rodata.basefix.0
                0x0201e8f0       0x22 /opt/devkitpro/devkitARM/lib/gcc/arm-none-eabi/16.1.0/../../../../arm-none-eabi/lib/thumb/libg.a(libc_a-vfscanf.o)
 *fill*         0x0201e912        0x2 ff
 .rodata.basefix.0
                0x0201e914       0x22 /opt/devkitpro/devkitARM/lib/gcc/arm-none-eabi/16.1.0/../../../../arm-none-eabi/lib/thumb/libg.a(libc_a-svfiscanf.o)
 .rodata._svfprintf_r.str1.1
                0x0201e936        0x0 /opt/devkitpro/devkitARM/lib/gcc/arm-none-eabi/16.1.0/../../../../arm-none-eabi/lib/thumb/libg.a(libc_a-svfprintf.o)
                                 0x3b (size before relaxing)
 *fill*         0x0201e936        0x2 ff
 .rodata.zeroes.0
                0x0201e938       0x10 /opt/devkitpro/devkitARM/lib/gcc/arm-none-eabi/16.1.0/../../../../arm-none-eabi/lib/thumb/libg.a(libc_a-svfprintf.o)
 .rodata.blanks.1
                0x0201e948       0x10 /opt/devkitpro/devkitARM/lib/gcc/arm-none-eabi/16.1.0/../../../../arm-none-eabi/lib/thumb/libg.a(libc_a-svfprintf.o)
 .rodata._ctype_
                0x0201e958      0x101 /opt/devkitpro/devkitARM/lib/gcc/arm-none-eabi/16.1.0/../../../../arm-none-eabi/lib/thumb/libg.a(libc_a-ctype_.o)
                0x0201e958                _ctype_
 .rodata._strtod_l.str1.4
                0x0201ea59        0x0 /opt/devkitpro/devkitARM/lib/gcc/arm-none-eabi/16.1.0/../../../../arm-none-eabi/lib/thumb/libg.a(libc_a-strtod.o)
                                 0x15 (size before relaxing)
 *fill*         0x0201ea59        0x3 ff
 .rodata._strtod_l
                0x0201ea5c       0xd0 /opt/devkitpro/devkitARM/lib/gcc/arm-none-eabi/16.1.0/../../../../arm-none-eabi/lib/thumb/libg.a(libc_a-strtod.o)
 .rodata.fpinan.0
                0x0201eb2c       0x14 /opt/devkitpro/devkitARM/lib/gcc/arm-none-eabi/16.1.0/../../../../arm-none-eabi/lib/thumb/libg.a(libc_a-strtod.o)
 .rodata.fpi.1  0x0201eb40       0x14 /opt/devkitpro/devkitARM/lib/gcc/arm-none-eabi/16.1.0/../../../../arm-none-eabi/lib/thumb/libg.a(libc_a-strtod.o)
 *fill*         0x0201eb54        0x4 ff
 .rodata.tinytens
                0x0201eb58       0x28 /opt/devkitpro/devkitARM/lib/gcc/arm-none-eabi/16.1.0/../../../../arm-none-eabi/lib/thumb/libg.a(libc_a-strtod.o)
 .rodata.__gethex.str1.4
                0x0201eb80        0x0 /opt/devkitpro/devkitARM/lib/gcc/arm-none-eabi/16.1.0/../../../../arm-none-eabi/lib/thumb/libg.a(libc_a-gdtoa-gethex.o)
                                 0x94 (size before relaxing)
 .rodata.__hexdig
                0x0201eb80      0x100 /opt/devkitpro/devkitARM/lib/gcc/arm-none-eabi/16.1.0/../../../../arm-none-eabi/lib/thumb/libg.a(libc_a-gdtoa-gethex.o)
                0x0201eb80                __hexdig
 .rodata._mbrtowc_r.str1.4
                0x0201ec80        0x0 /opt/devkitpro/devkitARM/lib/gcc/arm-none-eabi/16.1.0/../../../../arm-none-eabi/lib/thumb/libg.a(libc_a-mbrtowc.o)
                                  0x1 (size before relaxing)
 .rodata._dtoa_r.str1.4
                0x0201ec80        0x0 /opt/devkitpro/devkitARM/lib/gcc/arm-none-eabi/16.1.0/../../../../arm-none-eabi/lib/thumb/libg.a(libc_a-dtoa.o)
                                 0x9c (size before relaxing)
 .rodata.__assert_func.str1.4
                0x0201ec80        0x0 /opt/devkitpro/devkitARM/lib/gcc/arm-none-eabi/16.1.0/../../../../arm-none-eabi/lib/thumb/libg.a(libc_a-assert.o)
                                 0x43 (size before relaxing)
 .rodata.__multadd.str1.4
                0x0201ec80        0x0 /opt/devkitpro/devkitARM/lib/gcc/arm-none-eabi/16.1.0/../../../../arm-none-eabi/lib/thumb/libg.a(libc_a-mprec.o)
                                 0x89 (size before relaxing)
 .rodata.p05.0  0x0201ec80        0xc /opt/devkitpro/devkitARM/lib/gcc/arm-none-eabi/16.1.0/../../../../arm-none-eabi/lib/thumb/libg.a(libc_a-mprec.o)